Info: Starting: Create block symbol file (.bsf)
Info: qsys-generate D:\Project_Documents\love_pic_display_with_audio\sub_top.qsys --block-symbol-file --output-directory=D:\Project_Documents\love_pic_display_with_audio\sub_top --family="Cyclone V" --part=5CSEMA5F31C6
Progress: Loading love_pic_display_with_audio/sub_top.qsys
Progress: Reading input file
Progress: Adding audio_0 [altera_up_avalon_audio 18.0]
Progress: Parameterizing module audio_0
Progress: Adding clk_0 [clock_source 18.0]
Progress: Parameterizing module clk_0
Progress: Adding jtag_uart_0 [altera_avalon_jtag_uart 18.0]
Progress: Parameterizing module jtag_uart_0
Progress: Adding new_sdram_controller_0 [altera_avalon_new_sdram_controller 18.0]
Progress: Parameterizing module new_sdram_controller_0
Progress: Adding nios2_qsys_0 [altera_nios2_gen2 18.0]
Progress: Parameterizing module nios2_qsys_0
Progress: Adding onchip_memory2_0 [altera_avalon_onchip_memory2 18.0]
Progress: Parameterizing module onchip_memory2_0
Progress: Adding sys_sdram_pll_0 [altera_up_avalon_sys_sdram_pll 18.0]
Progress: Parameterizing module sys_sdram_pll_0
Progress: Adding video_dma_controller_0 [altera_up_avalon_video_dma_controller 18.0]
Progress: Parameterizing module video_dma_controller_0
Progress: Adding video_vga_controller_0 [altera_up_avalon_video_vga_controller 18.0]
Progress: Parameterizing module video_vga_controller_0
Progress: Building connections
Progress: Parameterizing connections
Progress: Validating
Progress: Done reading input file
Info: sub_top.jtag_uart_0: JTAG UART IP input clock need to be at least double (2x) the operating frequency of JTAG TCK on board
Info: sub_top.new_sdram_controller_0: SDRAM Controller will only be supported in Quartus Prime Standard Edition in the future release.
Info: sub_top.sys_sdram_pll_0: Refclk Freq: 50.0
Info: sub_top.video_vga_controller_0: Video Output Stream: Format: 1280 x 720 with Color: 10 (bits) x 3 (planes) converted to 8 (bits) per color plane
Info: qsys-generate succeeded.
Info: Finished: Create block symbol file (.bsf)
Info: 
Info: Starting: Create HDL design files for synthesis
Info: qsys-generate D:\Project_Documents\love_pic_display_with_audio\sub_top.qsys --synthesis=VERILOG --output-directory=D:\Project_Documents\love_pic_display_with_audio\sub_top\synthesis --family="Cyclone V" --part=5CSEMA5F31C6
Progress: Loading love_pic_display_with_audio/sub_top.qsys
Progress: Reading input file
Progress: Adding audio_0 [altera_up_avalon_audio 18.0]
Progress: Parameterizing module audio_0
Progress: Adding clk_0 [clock_source 18.0]
Progress: Parameterizing module clk_0
Progress: Adding jtag_uart_0 [altera_avalon_jtag_uart 18.0]
Progress: Parameterizing module jtag_uart_0
Progress: Adding new_sdram_controller_0 [altera_avalon_new_sdram_controller 18.0]
Progress: Parameterizing module new_sdram_controller_0
Progress: Adding nios2_qsys_0 [altera_nios2_gen2 18.0]
Progress: Parameterizing module nios2_qsys_0
Progress: Adding onchip_memory2_0 [altera_avalon_onchip_memory2 18.0]
Progress: Parameterizing module onchip_memory2_0
Progress: Adding sys_sdram_pll_0 [altera_up_avalon_sys_sdram_pll 18.0]
Progress: Parameterizing module sys_sdram_pll_0
Progress: Adding video_dma_controller_0 [altera_up_avalon_video_dma_controller 18.0]
Progress: Parameterizing module video_dma_controller_0
Progress: Adding video_vga_controller_0 [altera_up_avalon_video_vga_controller 18.0]
Progress: Parameterizing module video_vga_controller_0
Progress: Building connections
Progress: Parameterizing connections
Progress: Validating
Progress: Done reading input file
Info: sub_top.jtag_uart_0: JTAG UART IP input clock need to be at least double (2x) the operating frequency of JTAG TCK on board
Info: sub_top.new_sdram_controller_0: SDRAM Controller will only be supported in Quartus Prime Standard Edition in the future release.
Info: sub_top.sys_sdram_pll_0: Refclk Freq: 50.0
Info: sub_top.video_vga_controller_0: Video Output Stream: Format: 1280 x 720 with Color: 10 (bits) x 3 (planes) converted to 8 (bits) per color plane
Info: sub_top: Generating sub_top "sub_top" for QUARTUS_SYNTH
Info: Inserting clock-crossing logic between cmd_demux.src0 and cmd_mux.sink0
Info: Inserting clock-crossing logic between cmd_demux_001.src2 and cmd_mux_002.sink0
Info: Inserting clock-crossing logic between rsp_demux.src0 and rsp_mux.sink0
Info: Inserting clock-crossing logic between rsp_demux_002.src0 and rsp_mux_001.sink2
Info: audio_0: Starting Generation of Audio Controller
Info: audio_0: "sub_top" instantiated altera_up_avalon_audio "audio_0"
Info: jtag_uart_0: Starting RTL generation for module 'sub_top_jtag_uart_0'
Info: jtag_uart_0:   Generation command is [exec D:/quartus18_0/quartus/bin64/perl/bin/perl.exe -I D:/quartus18_0/quartus/bin64/perl/lib -I D:/quartus18_0/quartus/sopc_builder/bin/europa -I D:/quartus18_0/quartus/sopc_builder/bin/perl_lib -I D:/quartus18_0/quartus/sopc_builder/bin -I D:/quartus18_0/quartus/../ip/altera/sopc_builder_ip/common -I D:/quartus18_0/quartus/../ip/altera/sopc_builder_ip/altera_avalon_jtag_uart -- D:/quartus18_0/quartus/../ip/altera/sopc_builder_ip/altera_avalon_jtag_uart/generate_rtl.pl --name=sub_top_jtag_uart_0 --dir=C:/Users/zandent/AppData/Local/Temp/alt8011_4634880559021392575.dir/0003_jtag_uart_0_gen/ --quartus_dir=D:/quartus18_0/quartus --verilog --config=C:/Users/zandent/AppData/Local/Temp/alt8011_4634880559021392575.dir/0003_jtag_uart_0_gen//sub_top_jtag_uart_0_component_configuration.pl  --do_build_sim=0  ]
Info: jtag_uart_0: Done RTL generation for module 'sub_top_jtag_uart_0'
Info: jtag_uart_0: "sub_top" instantiated altera_avalon_jtag_uart "jtag_uart_0"
Info: new_sdram_controller_0: Starting RTL generation for module 'sub_top_new_sdram_controller_0'
Info: new_sdram_controller_0:   Generation command is [exec D:/quartus18_0/quartus/bin64/perl/bin/perl.exe -I D:/quartus18_0/quartus/bin64/perl/lib -I D:/quartus18_0/quartus/sopc_builder/bin/europa -I D:/quartus18_0/quartus/sopc_builder/bin/perl_lib -I D:/quartus18_0/quartus/sopc_builder/bin -I D:/quartus18_0/quartus/../ip/altera/sopc_builder_ip/common -I D:/quartus18_0/quartus/../ip/altera/sopc_builder_ip/altera_avalon_new_sdram_controller -- D:/quartus18_0/quartus/../ip/altera/sopc_builder_ip/altera_avalon_new_sdram_controller/generate_rtl.pl --name=sub_top_new_sdram_controller_0 --dir=C:/Users/zandent/AppData/Local/Temp/alt8011_4634880559021392575.dir/0004_new_sdram_controller_0_gen/ --quartus_dir=D:/quartus18_0/quartus --verilog --config=C:/Users/zandent/AppData/Local/Temp/alt8011_4634880559021392575.dir/0004_new_sdram_controller_0_gen//sub_top_new_sdram_controller_0_component_configuration.pl  --do_build_sim=0  ]
Info: new_sdram_controller_0: Done RTL generation for module 'sub_top_new_sdram_controller_0'
Info: new_sdram_controller_0: "sub_top" instantiated altera_avalon_new_sdram_controller "new_sdram_controller_0"
Info: nios2_qsys_0: "sub_top" instantiated altera_nios2_gen2 "nios2_qsys_0"
Info: onchip_memory2_0: Starting RTL generation for module 'sub_top_onchip_memory2_0'
Info: onchip_memory2_0:   Generation command is [exec D:/quartus18_0/quartus/bin64/perl/bin/perl.exe -I D:/quartus18_0/quartus/bin64/perl/lib -I D:/quartus18_0/quartus/sopc_builder/bin/europa -I D:/quartus18_0/quartus/sopc_builder/bin/perl_lib -I D:/quartus18_0/quartus/sopc_builder/bin -I D:/quartus18_0/quartus/../ip/altera/sopc_builder_ip/common -I D:/quartus18_0/quartus/../ip/altera/sopc_builder_ip/altera_avalon_onchip_memory2 -- D:/quartus18_0/quartus/../ip/altera/sopc_builder_ip/altera_avalon_onchip_memory2/generate_rtl.pl --name=sub_top_onchip_memory2_0 --dir=C:/Users/zandent/AppData/Local/Temp/alt8011_4634880559021392575.dir/0005_onchip_memory2_0_gen/ --quartus_dir=D:/quartus18_0/quartus --verilog --config=C:/Users/zandent/AppData/Local/Temp/alt8011_4634880559021392575.dir/0005_onchip_memory2_0_gen//sub_top_onchip_memory2_0_component_configuration.pl  --do_build_sim=0  ]
Info: onchip_memory2_0: Done RTL generation for module 'sub_top_onchip_memory2_0'
Info: onchip_memory2_0: "sub_top" instantiated altera_avalon_onchip_memory2 "onchip_memory2_0"
Info: sys_sdram_pll_0: "sub_top" instantiated altera_up_avalon_sys_sdram_pll "sys_sdram_pll_0"
Info: video_dma_controller_0: Starting Generation of Video DMA Controller
Info: video_dma_controller_0: "sub_top" instantiated altera_up_avalon_video_dma_controller "video_dma_controller_0"
Info: video_vga_controller_0: Starting Generation of VGA Controller
Info: video_vga_controller_0: "sub_top" instantiated altera_up_avalon_video_vga_controller "video_vga_controller_0"
Info: avalon_st_adapter: Inserting error_adapter: error_adapter_0
Info: avalon_st_adapter_001: Inserting error_adapter: error_adapter_0
Info: avalon_st_adapter_002: Inserting error_adapter: error_adapter_0
Info: avalon_st_adapter_003: Inserting error_adapter: error_adapter_0
Info: avalon_st_adapter_004: Inserting error_adapter: error_adapter_0
Info: avalon_st_adapter_005: Inserting error_adapter: error_adapter_0
Info: mm_interconnect_0: "sub_top" instantiated altera_mm_interconnect "mm_interconnect_0"
Info: irq_mapper: "sub_top" instantiated altera_irq_mapper "irq_mapper"
Info: rst_controller: "sub_top" instantiated altera_reset_controller "rst_controller"
Info: cpu: Starting RTL generation for module 'sub_top_nios2_qsys_0_cpu'
Info: cpu:   Generation command is [exec D:/quartus18_0/quartus/bin64//eperlcmd.exe -I D:/quartus18_0/quartus/bin64//perl/lib -I D:/quartus18_0/quartus/sopc_builder/bin/europa -I D:/quartus18_0/quartus/sopc_builder/bin/perl_lib -I D:/quartus18_0/quartus/sopc_builder/bin -I D:/quartus18_0/quartus/../ip/altera/nios2_ip/altera_nios2_gen2/cpu_lib -I D:/quartus18_0/quartus/../ip/altera/nios2_ip/altera_nios2_gen2/nios_lib -I D:/quartus18_0/quartus/../ip/altera/nios2_ip/altera_nios2_gen2 -I D:/quartus18_0/quartus/../ip/altera/nios2_ip/altera_nios2_gen2 -- D:/quartus18_0/quartus/../ip/altera/nios2_ip/altera_nios2_gen2/generate_rtl.epl --name=sub_top_nios2_qsys_0_cpu --dir=C:/Users/zandent/AppData/Local/Temp/alt8011_4634880559021392575.dir/0010_cpu_gen/ --quartus_bindir=D:/quartus18_0/quartus/bin64/ --verilog --config=C:/Users/zandent/AppData/Local/Temp/alt8011_4634880559021392575.dir/0010_cpu_gen//sub_top_nios2_qsys_0_cpu_processor_configuration.pl  --do_build_sim=0  ]
Info: cpu: # 2019.04.25 00:38:36 (*) Starting Nios II generation
Info: cpu: # 2019.04.25 00:38:36 (*)   Checking for plaintext license.
Info: cpu: # 2019.04.25 00:38:37 (*)   Couldn't query license setup in Quartus directory D:/quartus18_0/quartus/bin64/
Info: cpu: # 2019.04.25 00:38:37 (*)   Defaulting to contents of LM_LICENSE_FILE environment variable
Info: cpu: # 2019.04.25 00:38:37 (*)   Plaintext license not found.
Info: cpu: # 2019.04.25 00:38:37 (*)   No license required to generate encrypted Nios II/e.
Info: cpu: # 2019.04.25 00:38:37 (*)   Elaborating CPU configuration settings
Info: cpu: # 2019.04.25 00:38:37 (*)   Creating all objects for CPU
Info: cpu: # 2019.04.25 00:38:38 (*)   Generating RTL from CPU objects
Info: cpu: # 2019.04.25 00:38:38 (*)   Creating plain-text RTL
Info: cpu: # 2019.04.25 00:38:39 (*) Done Nios II generation
Info: cpu: Done RTL generation for module 'sub_top_nios2_qsys_0_cpu'
Info: cpu: "nios2_qsys_0" instantiated altera_nios2_gen2_unit "cpu"
Info: sys_pll: "sys_sdram_pll_0" instantiated altera_pll "sys_pll"
Info: reset_from_locked: "sys_sdram_pll_0" instantiated altera_up_avalon_reset_from_locked_signal "reset_from_locked"
Info: video_dma_controller_0_avalon_dma_master_translator: "mm_interconnect_0" instantiated altera_merlin_master_translator "video_dma_controller_0_avalon_dma_master_translator"
Info: new_sdram_controller_0_s1_translator: "mm_interconnect_0" instantiated altera_merlin_slave_translator "new_sdram_controller_0_s1_translator"
Info: video_dma_controller_0_avalon_dma_master_agent: "mm_interconnect_0" instantiated altera_merlin_master_agent "video_dma_controller_0_avalon_dma_master_agent"
Info: new_sdram_controller_0_s1_agent: "mm_interconnect_0" instantiated altera_merlin_slave_agent "new_sdram_controller_0_s1_agent"
Info: new_sdram_controller_0_s1_agent_rsp_fifo: "mm_interconnect_0" instantiated altera_avalon_sc_fifo "new_sdram_controller_0_s1_agent_rsp_fifo"
Info: router: "mm_interconnect_0" instantiated altera_merlin_router "router"
Info: router_001: "mm_interconnect_0" instantiated altera_merlin_router "router_001"
Info: router_002: "mm_interconnect_0" instantiated altera_merlin_router "router_002"
Info: router_003: "mm_interconnect_0" instantiated altera_merlin_router "router_003"
Info: router_004: "mm_interconnect_0" instantiated altera_merlin_router "router_004"
Info: router_007: "mm_interconnect_0" instantiated altera_merlin_router "router_007"
Info: new_sdram_controller_0_s1_burst_adapter: "mm_interconnect_0" instantiated altera_merlin_burst_adapter "new_sdram_controller_0_s1_burst_adapter"
Info: cmd_demux: "mm_interconnect_0" instantiated altera_merlin_demultiplexer "cmd_demux"
Info: cmd_demux_001: "mm_interconnect_0" instantiated altera_merlin_demultiplexer "cmd_demux_001"
Info: cmd_demux_002: "mm_interconnect_0" instantiated altera_merlin_demultiplexer "cmd_demux_002"
Info: cmd_mux: "mm_interconnect_0" instantiated altera_merlin_multiplexer "cmd_mux"
Info: cmd_mux_001: "mm_interconnect_0" instantiated altera_merlin_multiplexer "cmd_mux_001"
Info: Reusing file D:/Project_Documents/love_pic_display_with_audio/sub_top/synthesis/submodules/altera_merlin_arbitrator.sv
Info: rsp_mux: "mm_interconnect_0" instantiated altera_merlin_multiplexer "rsp_mux"
Info: Reusing file D:/Project_Documents/love_pic_display_with_audio/sub_top/synthesis/submodules/altera_merlin_arbitrator.sv
Info: rsp_mux_001: "mm_interconnect_0" instantiated altera_merlin_multiplexer "rsp_mux_001"
Info: Reusing file D:/Project_Documents/love_pic_display_with_audio/sub_top/synthesis/submodules/altera_merlin_arbitrator.sv
Info: rsp_mux_002: "mm_interconnect_0" instantiated altera_merlin_multiplexer "rsp_mux_002"
Info: Reusing file D:/Project_Documents/love_pic_display_with_audio/sub_top/synthesis/submodules/altera_merlin_arbitrator.sv
Info: new_sdram_controller_0_s1_rsp_width_adapter: "mm_interconnect_0" instantiated altera_merlin_width_adapter "new_sdram_controller_0_s1_rsp_width_adapter"
Info: Reusing file D:/Project_Documents/love_pic_display_with_audio/sub_top/synthesis/submodules/altera_merlin_address_alignment.sv
Info: Reusing file D:/Project_Documents/love_pic_display_with_audio/sub_top/synthesis/submodules/altera_merlin_burst_uncompressor.sv
Info: crosser: "mm_interconnect_0" instantiated altera_avalon_st_handshake_clock_crosser "crosser"
Info: Reusing file D:/Project_Documents/love_pic_display_with_audio/sub_top/synthesis/submodules/altera_avalon_st_pipeline_base.v
Info: avalon_st_adapter: "mm_interconnect_0" instantiated altera_avalon_st_adapter "avalon_st_adapter"
Info: avalon_st_adapter_001: "mm_interconnect_0" instantiated altera_avalon_st_adapter "avalon_st_adapter_001"
Info: error_adapter_0: "avalon_st_adapter" instantiated error_adapter "error_adapter_0"
Info: error_adapter_0: "avalon_st_adapter_001" instantiated error_adapter "error_adapter_0"
Info: sub_top: Done "sub_top" with 41 modules, 76 files
Info: qsys-generate succeeded.
Info: Finished: Create HDL design files for synthesis
