Archive member included to satisfy reference by file (symbol)

d:/quartus18_0/nios2eds/bin/gnu/h-x86_64-mingw32/bin/../lib/gcc/nios2-elf/5.3.0/../../../../../H-x86_64-mingw32/nios2-elf/lib/mno-hw-mul\libc.a(lib_a-puts.o)
                              obj/default/main.o (puts)
d:/quartus18_0/nios2eds/bin/gnu/h-x86_64-mingw32/bin/../lib/gcc/nios2-elf/5.3.0/../../../../../H-x86_64-mingw32/nios2-elf/lib/mno-hw-mul\libc.a(lib_a-strlen.o)
                              d:/quartus18_0/nios2eds/bin/gnu/h-x86_64-mingw32/bin/../lib/gcc/nios2-elf/5.3.0/../../../../../H-x86_64-mingw32/nios2-elf/lib/mno-hw-mul\libc.a(lib_a-puts.o) (strlen)
d:/quartus18_0/nios2eds/bin/gnu/h-x86_64-mingw32/bin/../lib/gcc/nios2-elf/5.3.0/../../../../../H-x86_64-mingw32/nios2-elf/lib/mno-hw-mul\libc.a(lib_a-findfp.o)
                              d:/quartus18_0/nios2eds/bin/gnu/h-x86_64-mingw32/bin/../lib/gcc/nios2-elf/5.3.0/../../../../../H-x86_64-mingw32/nios2-elf/lib/mno-hw-mul\libc.a(lib_a-puts.o) (__sinit)
d:/quartus18_0/nios2eds/bin/gnu/h-x86_64-mingw32/bin/../lib/gcc/nios2-elf/5.3.0/../../../../../H-x86_64-mingw32/nios2-elf/lib/mno-hw-mul\libc.a(lib_a-fvwrite.o)
                              d:/quartus18_0/nios2eds/bin/gnu/h-x86_64-mingw32/bin/../lib/gcc/nios2-elf/5.3.0/../../../../../H-x86_64-mingw32/nios2-elf/lib/mno-hw-mul\libc.a(lib_a-puts.o) (__sfvwrite_r)
d:/quartus18_0/nios2eds/bin/gnu/h-x86_64-mingw32/bin/../lib/gcc/nios2-elf/5.3.0/../../../../../H-x86_64-mingw32/nios2-elf/lib/mno-hw-mul\libc.a(lib_a-fwalk.o)
                              d:/quartus18_0/nios2eds/bin/gnu/h-x86_64-mingw32/bin/../lib/gcc/nios2-elf/5.3.0/../../../../../H-x86_64-mingw32/nios2-elf/lib/mno-hw-mul\libc.a(lib_a-findfp.o) (_fwalk)
d:/quartus18_0/nios2eds/bin/gnu/h-x86_64-mingw32/bin/../lib/gcc/nios2-elf/5.3.0/../../../../../H-x86_64-mingw32/nios2-elf/lib/mno-hw-mul\libc.a(lib_a-impure.o)
                              d:/quartus18_0/nios2eds/bin/gnu/h-x86_64-mingw32/bin/../lib/gcc/nios2-elf/5.3.0/../../../../../H-x86_64-mingw32/nios2-elf/lib/mno-hw-mul\libc.a(lib_a-findfp.o) (_global_impure_ptr)
d:/quartus18_0/nios2eds/bin/gnu/h-x86_64-mingw32/bin/../lib/gcc/nios2-elf/5.3.0/../../../../../H-x86_64-mingw32/nios2-elf/lib/mno-hw-mul\libc.a(lib_a-mallocr.o)
                              d:/quartus18_0/nios2eds/bin/gnu/h-x86_64-mingw32/bin/../lib/gcc/nios2-elf/5.3.0/../../../../../H-x86_64-mingw32/nios2-elf/lib/mno-hw-mul\libc.a(lib_a-findfp.o) (_malloc_r)
d:/quartus18_0/nios2eds/bin/gnu/h-x86_64-mingw32/bin/../lib/gcc/nios2-elf/5.3.0/../../../../../H-x86_64-mingw32/nios2-elf/lib/mno-hw-mul\libc.a(lib_a-memchr.o)
                              d:/quartus18_0/nios2eds/bin/gnu/h-x86_64-mingw32/bin/../lib/gcc/nios2-elf/5.3.0/../../../../../H-x86_64-mingw32/nios2-elf/lib/mno-hw-mul\libc.a(lib_a-fvwrite.o) (memchr)
d:/quartus18_0/nios2eds/bin/gnu/h-x86_64-mingw32/bin/../lib/gcc/nios2-elf/5.3.0/../../../../../H-x86_64-mingw32/nios2-elf/lib/mno-hw-mul\libc.a(lib_a-memcpy.o)
                              d:/quartus18_0/nios2eds/bin/gnu/h-x86_64-mingw32/bin/../lib/gcc/nios2-elf/5.3.0/../../../../../H-x86_64-mingw32/nios2-elf/lib/mno-hw-mul\libc.a(lib_a-fvwrite.o) (memcpy)
d:/quartus18_0/nios2eds/bin/gnu/h-x86_64-mingw32/bin/../lib/gcc/nios2-elf/5.3.0/../../../../../H-x86_64-mingw32/nios2-elf/lib/mno-hw-mul\libc.a(lib_a-memmove.o)
                              d:/quartus18_0/nios2eds/bin/gnu/h-x86_64-mingw32/bin/../lib/gcc/nios2-elf/5.3.0/../../../../../H-x86_64-mingw32/nios2-elf/lib/mno-hw-mul\libc.a(lib_a-fvwrite.o) (memmove)
d:/quartus18_0/nios2eds/bin/gnu/h-x86_64-mingw32/bin/../lib/gcc/nios2-elf/5.3.0/../../../../../H-x86_64-mingw32/nios2-elf/lib/mno-hw-mul\libc.a(lib_a-memset.o)
                              d:/quartus18_0/nios2eds/bin/gnu/h-x86_64-mingw32/bin/../lib/gcc/nios2-elf/5.3.0/../../../../../H-x86_64-mingw32/nios2-elf/lib/mno-hw-mul\libc.a(lib_a-findfp.o) (memset)
d:/quartus18_0/nios2eds/bin/gnu/h-x86_64-mingw32/bin/../lib/gcc/nios2-elf/5.3.0/../../../../../H-x86_64-mingw32/nios2-elf/lib/mno-hw-mul\libc.a(lib_a-reallocr.o)
                              d:/quartus18_0/nios2eds/bin/gnu/h-x86_64-mingw32/bin/../lib/gcc/nios2-elf/5.3.0/../../../../../H-x86_64-mingw32/nios2-elf/lib/mno-hw-mul\libc.a(lib_a-fvwrite.o) (_realloc_r)
d:/quartus18_0/nios2eds/bin/gnu/h-x86_64-mingw32/bin/../lib/gcc/nios2-elf/5.3.0/../../../../../H-x86_64-mingw32/nios2-elf/lib/mno-hw-mul\libc.a(lib_a-sbrkr.o)
                              d:/quartus18_0/nios2eds/bin/gnu/h-x86_64-mingw32/bin/../lib/gcc/nios2-elf/5.3.0/../../../../../H-x86_64-mingw32/nios2-elf/lib/mno-hw-mul\libc.a(lib_a-mallocr.o) (_sbrk_r)
d:/quartus18_0/nios2eds/bin/gnu/h-x86_64-mingw32/bin/../lib/gcc/nios2-elf/5.3.0/../../../../../H-x86_64-mingw32/nios2-elf/lib/mno-hw-mul\libc.a(lib_a-stdio.o)
                              d:/quartus18_0/nios2eds/bin/gnu/h-x86_64-mingw32/bin/../lib/gcc/nios2-elf/5.3.0/../../../../../H-x86_64-mingw32/nios2-elf/lib/mno-hw-mul\libc.a(lib_a-findfp.o) (__sread)
[...]
Memory Configuration

Name             Origin             Length             Attributes
reset            0x0000000000000000 0x0000000000000020
onchip_memory2_0 0x0000000000000020 0x0000000000031fe0
new_sdram_controller_0 0x0000000004000000 0x0000000004000000
*default*        0x0000000000000000 0xffffffffffffffff

Linker script and memory map

LOAD ../hal_bsp//obj/HAL/src/crt0.o
LOAD obj/default/main.o
LOAD d:/quartus18_0/nios2eds/bin/gnu/h-x86_64-mingw32/bin/../lib/gcc/nios2-elf/5.3.0/../../../../../H-x86_64-mingw32/nios2-elf/lib/mno-hw-mul\libstdc++.a
LOAD d:/quartus18_0/nios2eds/bin/gnu/h-x86_64-mingw32/bin/../lib/gcc/nios2-elf/5.3.0/../../../../../H-x86_64-mingw32/nios2-elf/lib/mno-hw-mul\libm.a
LOAD d:/quartus18_0/nios2eds/bin/gnu/h-x86_64-mingw32/bin/../lib/gcc/nios2-elf/5.3.0/mno-hw-mul\libgcc.a
START GROUP
LOAD d:/quartus18_0/nios2eds/bin/gnu/h-x86_64-mingw32/bin/../lib/gcc/nios2-elf/5.3.0/../../../../../H-x86_64-mingw32/nios2-elf/lib/mno-hw-mul\libc.a
LOAD d:/quartus18_0/nios2eds/bin/gnu/h-x86_64-mingw32/bin/../lib/gcc/nios2-elf/5.3.0/mno-hw-mul\libgcc.a
LOAD ../hal_bsp/\libhal_bsp.a
LOAD d:/quartus18_0/nios2eds/bin/gnu/h-x86_64-mingw32/bin/../lib/gcc/nios2-elf/5.3.0/../../../../../H-x86_64-mingw32/nios2-elf/lib/mno-hw-mul\libm.a
END GROUP
LOAD d:/quartus18_0/nios2eds/bin/gnu/h-x86_64-mingw32/bin/../lib/gcc/nios2-elf/5.3.0/mno-hw-mul\libgcc.a
                0x0000000000000000                __alt_mem_onchip_memory2_0 = 0x0
                0x0000000004000000                __alt_mem_new_sdram_controller_0 = 0x4000000

.entry          0x0000000000000000       0x20
 *(.entry)
 .entry         0x0000000000000000       0x20 ../hal_bsp//obj/HAL/src/crt0.o
                0x0000000000000000                __reset

.exceptions     0x0000000000000020      0x214
                0x0000000000000020                PROVIDE (__ram_exceptions_start, ABSOLUTE (.))
                0x0000000000000020                . = ALIGN (0x20)
 *(.irq)
 *(.exceptions.entry.label)
 .exceptions.entry.label
                0x0000000000000020        0x0 ../hal_bsp/\libhal_bsp.a(alt_irq_entry.o)
                0x0000000000000020                alt_irq_entry
 .exceptions.entry.label
                0x0000000000000020        0x0 ../hal_bsp/\libhal_bsp.a(alt_exception_entry.o)
                0x0000000000000020                alt_exception
 *(.exceptions.entry.user)
 *(.exceptions.entry.ecc_fatal)
 *(.exceptions.entry)
 .exceptions.entry
                0x0000000000000020       0x54 ../hal_bsp/\libhal_bsp.a(alt_exception_entry.o)
 *(.exceptions.irqtest.user)
 *(.exceptions.irqtest)
 .exceptions.irqtest
                0x0000000000000074       0x10 ../hal_bsp/\libhal_bsp.a(alt_irq_entry.o)
 *(.exceptions.irqhandler.user)
 *(.exceptions.irqhandler)
 .exceptions.irqhandler
                0x0000000000000084        0x4 ../hal_bsp/\libhal_bsp.a(alt_irq_entry.o)
 *(.exceptions.irqreturn.user)
 *(.exceptions.irqreturn)
 .exceptions.irqreturn
                0x0000000000000088        0x4 ../hal_bsp/\libhal_bsp.a(alt_irq_entry.o)
 *(.exceptions.notirq.label)
 .exceptions.notirq.label
                0x000000000000008c        0x0 ../hal_bsp/\libhal_bsp.a(alt_irq_entry.o)
 *(.exceptions.notirq.user)
 *(.exceptions.notirq)
 .exceptions.notirq
                0x000000000000008c        0x8 ../hal_bsp/\libhal_bsp.a(alt_exception_entry.o)
 *(.exceptions.soft.user)
 *(.exceptions.soft)
 *(.exceptions.unknown.user)
 *(.exceptions.unknown)
 .exceptions.unknown
                0x0000000000000094       0x14 ../hal_bsp/\libhal_bsp.a(alt_exception_entry.o)
 *(.exceptions.exit.label)
 .exceptions.exit.label
                0x00000000000000a8        0x0 ../hal_bsp/\libhal_bsp.a(alt_irq_entry.o)
 .exceptions.exit.label
                0x00000000000000a8        0x0 ../hal_bsp/\libhal_bsp.a(alt_exception_entry.o)
 *(.exceptions.exit.user)
 *(.exceptions.exit)
 .exceptions.exit
                0x00000000000000a8       0x54 ../hal_bsp/\libhal_bsp.a(alt_exception_entry.o)
 *(.exceptions)
 .exceptions    0x00000000000000fc       0xd8 ../hal_bsp/\libhal_bsp.a(alt_irq_handler.o)
                0x00000000000000fc                alt_irq_handler
 .exceptions    0x00000000000001d4       0x60 ../hal_bsp/\libhal_bsp.a(alt_instruction_exception_entry.o)
                0x00000000000001d4                alt_instruction_exception_entry
                0x0000000000000234                PROVIDE (__ram_exceptions_end, ABSOLUTE (.))
                0x0000000000000020                PROVIDE (__flash_exceptions_start, LOADADDR (.exceptions))

.text           0x0000000000000234     0x5684
                [!provide]                        PROVIDE (stext, ABSOLUTE (.))
 *(.interp)
 *(.hash)
 *(.dynsym)
 *(.dynstr)
 *(.gnu.version)
 *(.gnu.version_d)
 *(.gnu.version_r)
 *(.rel.init)
 *(.rela.init)
 *(.rel.text .rel.text.* .rel.gnu.linkonce.t.*)
 *(.rela.text .rela.text.* .rela.gnu.linkonce.t.*)
 *(.rel.fini)
 *(.rela.fini)
 *(.rel.rodata .rel.rodata.* .rel.gnu.linkonce.r.*)
 *(.rela.rodata .rela.rodata.* .rela.gnu.linkonce.r.*)
 *(.rel.data .rel.data.* .rel.gnu.linkonce.d.*)
 *(.rela.data .rela.data.* .rela.gnu.linkonce.d.*)
 *(.rel.tdata .rel.tdata.* .rel.gnu.linkonce.td.*)
 *(.rela.tdata .rela.tdata.* .rela.gnu.linkonce.td.*)
 *(.rel.tbss .rel.tbss.* .rel.gnu.linkonce.tb.*)
 *(.rela.tbss .rela.tbss.* .rela.gnu.linkonce.tb.*)
 *(.rel.ctors)
 *(.rela.ctors)
 *(.rel.dtors)
 *(.rela.dtors)
 *(.rel.got)
 *(.rela.got)
 *(.rel.sdata .rel.sdata.* .rel.gnu.linkonce.s.*)
 *(.rela.sdata .rela.sdata.* .rela.gnu.linkonce.s.*)
 *(.rel.sbss .rel.sbss.* .rel.gnu.linkonce.sb.*)
 *(.rela.sbss .rela.sbss.* .rela.gnu.linkonce.sb.*)
 *(.rel.sdata2 .rel.sdata2.* .rel.gnu.linkonce.s2.*)
 *(.rela.sdata2 .rela.sdata2.* .rela.gnu.linkonce.s2.*)
 *(.rel.sbss2 .rel.sbss2.* .rel.gnu.linkonce.sb2.*)
 *(.rela.sbss2 .rela.sbss2.* .rela.gnu.linkonce.sb2.*)
 *(.rel.bss .rel.bss.* .rel.gnu.linkonce.b.*)
 *(.rela.bss .rela.bss.* .rela.gnu.linkonce.b.*)
 *(.rel.plt)
 *(.rela.plt)
 *(.rel.dyn)
 *(.init)
 *(.plt)
 *(.text .stub .text.* .gnu.linkonce.t.*)
 .text          0x0000000000000234       0x3c ../hal_bsp//obj/HAL/src/crt0.o
                0x0000000000000234                _start
 .text          0x0000000000000270       0x34 obj/default/main.o
                0x0000000000000270                main
 .text          0x00000000000002a4        0x0 d:/quartus18_0/nios2eds/bin/gnu/h-x86_64-mingw32/bin/../lib/gcc/nios2-elf/5.3.0/../../../../../H-x86_64-mingw32/nios2-elf/lib/mno-hw-mul\libc.a(lib_a-puts.o)
 .text._puts_r  0x00000000000002a4       0xc0 d:/quartus18_0/nios2eds/bin/gnu/h-x86_64-mingw32/bin/../lib/gcc/nios2-elf/5.3.0/../../../../../H-x86_64-mingw32/nios2-elf/lib/mno-hw-mul\libc.a(lib_a-puts.o)
                0x00000000000002a4                _puts_r
 .text.puts     0x0000000000000364       0x14 d:/quartus18_0/nios2eds/bin/gnu/h-x86_64-mingw32/bin/../lib/gcc/nios2-elf/5.3.0/../../../../../H-x86_64-mingw32/nios2-elf/lib/mno-hw-mul\libc.a(lib_a-puts.o)
                0x0000000000000364                puts
 .text          0x0000000000000378        0x0 d:/quartus18_0/nios2eds/bin/gnu/h-x86_64-mingw32/bin/../lib/gcc/nios2-elf/5.3.0/../../../../../H-x86_64-mingw32/nios2-elf/lib/mno-hw-mul\libc.a(lib_a-strlen.o)
 .text.strlen   0x0000000000000378       0x98 d:/quartus18_0/nios2eds/bin/gnu/h-x86_64-mingw32/bin/../lib/gcc/nios2-elf/5.3.0/../../../../../H-x86_64-mingw32/nios2-elf/lib/mno-hw-mul\libc.a(lib_a-strlen.o)
                0x0000000000000378                strlen
 .text          0x0000000000000410        0x0 d:/quartus18_0/nios2eds/bin/gnu/h-x86_64-mingw32/bin/../lib/gcc/nios2-elf/5.3.0/../../../../../H-x86_64-mingw32/nios2-elf/lib/mno-hw-mul\libc.a(lib_a-findfp.o)
 .text.__fp_unlock
                0x0000000000000410        0x8 d:/quartus18_0/nios2eds/bin/gnu/h-x86_64-mingw32/bin/../lib/gcc/nios2-elf/5.3.0/../../../../../H-x86_64-mingw32/nios2-elf/lib/mno-hw-mul\libc.a(lib_a-findfp.o)
 .text._cleanup_r
                0x0000000000000418        0xc d:/quartus18_0/nios2eds/bin/gnu/h-x86_64-mingw32/bin/../lib/gcc/nios2-elf/5.3.0/../../../../../H-x86_64-mingw32/nios2-elf/lib/mno-hw-mul\libc.a(lib_a-findfp.o)
                0x0000000000000418                _cleanup_r
 .text.__sinit.part.1
                0x0000000000000424      0x19c d:/quartus18_0/nios2eds/bin/gnu/h-x86_64-mingw32/bin/../lib/gcc/nios2-elf/5.3.0/../../../../../H-x86_64-mingw32/nios2-elf/lib/mno-hw-mul\libc.a(lib_a-findfp.o)
 .text.__fp_lock
                0x00000000000005c0        0x8 d:/quartus18_0/nios2eds/bin/gnu/h-x86_64-mingw32/bin/../lib/gcc/nios2-elf/5.3.0/../../../../../H-x86_64-mingw32/nios2-elf/lib/mno-hw-mul\libc.a(lib_a-findfp.o)
 .text.__sfmoreglue
                0x00000000000005c8       0x78 d:/quartus18_0/nios2eds/bin/gnu/h-x86_64-mingw32/bin/../lib/gcc/nios2-elf/5.3.0/../../../../../H-x86_64-mingw32/nios2-elf/lib/mno-hw-mul\libc.a(lib_a-findfp.o)
                0x00000000000005c8                __sfmoreglue
 .text.__sfp    0x0000000000000640      0x118 d:/quartus18_0/nios2eds/bin/gnu/h-x86_64-mingw32/bin/../lib/gcc/nios2-elf/5.3.0/../../../../../H-x86_64-mingw32/nios2-elf/lib/mno-hw-mul\libc.a(lib_a-findfp.o)
                0x0000000000000640                __sfp
 .text._cleanup
                0x0000000000000758       0x18 d:/quartus18_0/nios2eds/bin/gnu/h-x86_64-mingw32/bin/../lib/gcc/nios2-elf/5.3.0/../../../../../H-x86_64-mingw32/nios2-elf/lib/mno-hw-mul\libc.a(lib_a-findfp.o)
                0x0000000000000758                _cleanup
 .text.__sinit  0x0000000000000770       0x10 d:/quartus18_0/nios2eds/bin/gnu/h-x86_64-mingw32/bin/../lib/gcc/nios2-elf/5.3.0/../../../../../H-x86_64-mingw32/nios2-elf/lib/mno-hw-mul\libc.a(lib_a-findfp.o)
                0x0000000000000770                __sinit
 .text.__sfp_lock_acquire
                0x0000000000000780        0x4 d:/quartus18_0/nios2eds/bin/gnu/h-x86_64-mingw32/bin/../lib/gcc/nios2-elf/5.3.0/../../../../../H-x86_64-mingw32/nios2-elf/lib/mno-hw-mul\libc.a(lib_a-findfp.o)
                0x0000000000000780                __sfp_lock_acquire
 .text.__sfp_lock_release
                0x0000000000000784        0x4 d:/quartus18_0/nios2eds/bin/gnu/h-x86_64-mingw32/bin/../lib/gcc/nios2-elf/5.3.0/../../../../../H-x86_64-mingw32/nios2-elf/lib/mno-hw-mul\libc.a(lib_a-findfp.o)
                0x0000000000000784                __sfp_lock_release
 .text.__sinit_lock_acquire
                0x0000000000000788        0x4 d:/quartus18_0/nios2eds/bin/gnu/h-x86_64-mingw32/bin/../lib/gcc/nios2-elf/5.3.0/../../../../../H-x86_64-mingw32/nios2-elf/lib/mno-hw-mul\libc.a(lib_a-findfp.o)
                0x0000000000000788                __sinit_lock_acquire
 .text.__sinit_lock_release
                0x000000000000078c        0x4 d:/quartus18_0/nios2eds/bin/gnu/h-x86_64-mingw32/bin/../lib/gcc/nios2-elf/5.3.0/../../../../../H-x86_64-mingw32/nios2-elf/lib/mno-hw-mul\libc.a(lib_a-findfp.o)
                0x000000000000078c                __sinit_lock_release
 .text.__fp_lock_all
                0x0000000000000790       0x18 d:/quartus18_0/nios2eds/bin/gnu/h-x86_64-mingw32/bin/../lib/gcc/nios2-elf/5.3.0/../../../../../H-x86_64-mingw32/nios2-elf/lib/mno-hw-mul\libc.a(lib_a-findfp.o)
                0x0000000000000790                __fp_lock_all
 .text.__fp_unlock_all
                0x00000000000007a8       0x18 d:/quartus18_0/nios2eds/bin/gnu/h-x86_64-mingw32/bin/../lib/gcc/nios2-elf/5.3.0/../../../../../H-x86_64-mingw32/nios2-elf/lib/mno-hw-mul\libc.a(lib_a-findfp.o)
                0x00000000000007a8                __fp_unlock_all
 .text          0x00000000000007c0        0x0 d:/quartus18_0/nios2eds/bin/gnu/h-x86_64-mingw32/bin/../lib/gcc/nios2-elf/5.3.0/../../../../../H-x86_64-mingw32/nios2-elf/lib/mno-hw-mul\libc.a(lib_a-fvwrite.o)
 .text.__sfvwrite_r
                0x00000000000007c0      0x4c8 d:/quartus18_0/nios2eds/bin/gnu/h-x86_64-mingw32/bin/../lib/gcc/nios2-elf/5.3.0/../../../../../H-x86_64-mingw32/nios2-elf/lib/mno-hw-mul\libc.a(lib_a-fvwrite.o)
                0x00000000000007c0                __sfvwrite_r
 .text          0x0000000000000c88        0x0 d:/quartus18_0/nios2eds/bin/gnu/h-x86_64-mingw32/bin/../lib/gcc/nios2-elf/5.3.0/../../../../../H-x86_64-mingw32/nios2-elf/lib/mno-hw-mul\libc.a(lib_a-fwalk.o)
 .text._fwalk   0x0000000000000c88       0xc4 d:/quartus18_0/nios2eds/bin/gnu/h-x86_64-mingw32/bin/../lib/gcc/nios2-elf/5.3.0/../../../../../H-x86_64-mingw32/nios2-elf/lib/mno-hw-mul\libc.a(lib_a-fwalk.o)
                0x0000000000000c88                _fwalk
 .text._fwalk_reent
                0x0000000000000d4c       0xc4 d:/quartus18_0/nios2eds/bin/gnu/h-x86_64-mingw32/bin/../lib/gcc/nios2-elf/5.3.0/../../../../../H-x86_64-mingw32/nios2-elf/lib/mno-hw-mul\libc.a(lib_a-fwalk.o)
                0x0000000000000d4c                _fwalk_reent
 .text          0x0000000000000e10        0x0 d:/quartus18_0/nios2eds/bin/gnu/h-x86_64-mingw32/bin/../lib/gcc/nios2-elf/5.3.0/../../../../../H-x86_64-mingw32/nios2-elf/lib/mno-hw-mul\libc.a(lib_a-impure.o)
 .text          0x0000000000000e10        0x0 d:/quartus18_0/nios2eds/bin/gnu/h-x86_64-mingw32/bin/../lib/gcc/nios2-elf/5.3.0/../../../../../H-x86_64-mingw32/nios2-elf/lib/mno-hw-mul\libc.a(lib_a-mallocr.o)
 .text._malloc_r
                0x0000000000000e10      0x80c d:/quartus18_0/nios2eds/bin/gnu/h-x86_64-mingw32/bin/../lib/gcc/nios2-elf/5.3.0/../../../../../H-x86_64-mingw32/nios2-elf/lib/mno-hw-mul\libc.a(lib_a-mallocr.o)
                0x0000000000000e10                _malloc_r
 .text          0x000000000000161c        0x0 d:/quartus18_0/nios2eds/bin/gnu/h-x86_64-mingw32/bin/../lib/gcc/nios2-elf/5.3.0/../../../../../H-x86_64-mingw32/nios2-elf/lib/mno-hw-mul\libc.a(lib_a-memchr.o)
 .text.memchr   0x000000000000161c       0xe4 d:/quartus18_0/nios2eds/bin/gnu/h-x86_64-mingw32/bin/../lib/gcc/nios2-elf/5.3.0/../../../../../H-x86_64-mingw32/nios2-elf/lib/mno-hw-mul\libc.a(lib_a-memchr.o)
                0x000000000000161c                memchr
 .text          0x0000000000001700        0x0 d:/quartus18_0/nios2eds/bin/gnu/h-x86_64-mingw32/bin/../lib/gcc/nios2-elf/5.3.0/../../../../../H-x86_64-mingw32/nios2-elf/lib/mno-hw-mul\libc.a(lib_a-memcpy.o)
 .text.memcpy   0x0000000000001700      0x148 d:/quartus18_0/nios2eds/bin/gnu/h-x86_64-mingw32/bin/../lib/gcc/nios2-elf/5.3.0/../../../../../H-x86_64-mingw32/nios2-elf/lib/mno-hw-mul\libc.a(lib_a-memcpy.o)
                0x0000000000001700                memcpy
 .text          0x0000000000001848        0x0 d:/quartus18_0/nios2eds/bin/gnu/h-x86_64-mingw32/bin/../lib/gcc/nios2-elf/5.3.0/../../../../../H-x86_64-mingw32/nios2-elf/lib/mno-hw-mul\libc.a(lib_a-memmove.o)
 .text.memmove  0x0000000000001848      0x15c d:/quartus18_0/nios2eds/bin/gnu/h-x86_64-mingw32/bin/../lib/gcc/nios2-elf/5.3.0/../../../../../H-x86_64-mingw32/nios2-elf/lib/mno-hw-mul\libc.a(lib_a-memmove.o)
                0x0000000000001848                memmove
 .text          0x00000000000019a4        0x0 d:/quartus18_0/nios2eds/bin/gnu/h-x86_64-mingw32/bin/../lib/gcc/nios2-elf/5.3.0/../../../../../H-x86_64-mingw32/nios2-elf/lib/mno-hw-mul\libc.a(lib_a-memset.o)
 .text.memset   0x00000000000019a4      0x128 d:/quartus18_0/nios2eds/bin/gnu/h-x86_64-mingw32/bin/../lib/gcc/nios2-elf/5.3.0/../../../../../H-x86_64-mingw32/nios2-elf/lib/mno-hw-mul\libc.a(lib_a-memset.o)
                0x00000000000019a4                memset
 .text          0x0000000000001acc        0x0 d:/quartus18_0/nios2eds/bin/gnu/h-x86_64-mingw32/bin/../lib/gcc/nios2-elf/5.3.0/../../../../../H-x86_64-mingw32/nios2-elf/lib/mno-hw-mul\libc.a(lib_a-reallocr.o)
 .text._realloc_r
                0x0000000000001acc      0x564 d:/quartus18_0/nios2eds/bin/gnu/h-x86_64-mingw32/bin/../lib/gcc/nios2-elf/5.3.0/../../../../../H-x86_64-mingw32/nios2-elf/lib/mno-hw-mul\libc.a(lib_a-reallocr.o)
                0x0000000000001acc                _realloc_r
 .text          0x0000000000002030        0x0 d:/quartus18_0/nios2eds/bin/gnu/h-x86_64-mingw32/bin/../lib/gcc/nios2-elf/5.3.0/../../../../../H-x86_64-mingw32/nios2-elf/lib/mno-hw-mul\libc.a(lib_a-sbrkr.o)
 .text._sbrk_r  0x0000000000002030       0x54 d:/quartus18_0/nios2eds/bin/gnu/h-x86_64-mingw32/bin/../lib/gcc/nios2-elf/5.3.0/../../../../../H-x86_64-mingw32/nios2-elf/lib/mno-hw-mul\libc.a(lib_a-sbrkr.o)
                0x0000000000002030                _sbrk_r
 .text          0x0000000000002084        0x0 d:/quartus18_0/nios2eds/bin/gnu/h-x86_64-mingw32/bin/../lib/gcc/nios2-elf/5.3.0/../../../../../H-x86_64-mingw32/nios2-elf/lib/mno-hw-mul\libc.a(lib_a-stdio.o)
 .text.__sread  0x0000000000002084       0x54 d:/quartus18_0/nios2eds/bin/gnu/h-x86_64-mingw32/bin/../lib/gcc/nios2-elf/5.3.0/../../../../../H-x86_64-mingw32/nios2-elf/lib/mno-hw-mul\libc.a(lib_a-stdio.o)
                0x0000000000002084                __sread
 .text.__seofread
                0x00000000000020d8        0x8 d:/quartus18_0/nios2eds/bin/gnu/h-x86_64-mingw32/bin/../lib/gcc/nios2-elf/5.3.0/../../../../../H-x86_64-mingw32/nios2-elf/lib/mno-hw-mul\libc.a(lib_a-stdio.o)
                0x00000000000020d8                __seofread
 .text.__swrite
                0x00000000000020e0       0x7c d:/quartus18_0/nios2eds/bin/gnu/h-x86_64-mingw32/bin/../lib/gcc/nios2-elf/5.3.0/../../../../../H-x86_64-mingw32/nios2-elf/lib/mno-hw-mul\libc.a(lib_a-stdio.o)
                0x00000000000020e0                __swrite
 .text.__sseek  0x000000000000215c       0x5c d:/quartus18_0/nios2eds/bin/gnu/h-x86_64-mingw32/bin/../lib/gcc/nios2-elf/5.3.0/../../../../../H-x86_64-mingw32/nios2-elf/lib/mno-hw-mul\libc.a(lib_a-stdio.o)
                0x000000000000215c                __sseek
 .text.__sclose
                0x00000000000021b8        0x8 d:/quartus18_0/nios2eds/bin/gnu/h-x86_64-mingw32/bin/../lib/gcc/nios2-elf/5.3.0/../../../../../H-x86_64-mingw32/nios2-elf/lib/mno-hw-mul\libc.a(lib_a-stdio.o)
                0x00000000000021b8                __sclose
 .text          0x00000000000021c0        0x0 d:/quartus18_0/nios2eds/bin/gnu/h-x86_64-mingw32/bin/../lib/gcc/nios2-elf/5.3.0/../../../../../H-x86_64-mingw32/nios2-elf/lib/mno-hw-mul\libc.a(lib_a-writer.o)
 .text._write_r
                0x00000000000021c0       0x60 d:/quartus18_0/nios2eds/bin/gnu/h-x86_64-mingw32/bin/../lib/gcc/nios2-elf/5.3.0/../../../../../H-x86_64-mingw32/nios2-elf/lib/mno-hw-mul\libc.a(lib_a-writer.o)
                0x00000000000021c0                _write_r
 .text          0x0000000000002220        0x0 d:/quartus18_0/nios2eds/bin/gnu/h-x86_64-mingw32/bin/../lib/gcc/nios2-elf/5.3.0/../../../../../H-x86_64-mingw32/nios2-elf/lib/mno-hw-mul\libc.a(lib_a-wsetup.o)
 .text.__swsetup_r
                0x0000000000002220      0x154 d:/quartus18_0/nios2eds/bin/gnu/h-x86_64-mingw32/bin/../lib/gcc/nios2-elf/5.3.0/../../../../../H-x86_64-mingw32/nios2-elf/lib/mno-hw-mul\libc.a(lib_a-wsetup.o)
                0x0000000000002220                __swsetup_r
 .text          0x0000000000002374        0x0 d:/quartus18_0/nios2eds/bin/gnu/h-x86_64-mingw32/bin/../lib/gcc/nios2-elf/5.3.0/../../../../../H-x86_64-mingw32/nios2-elf/lib/mno-hw-mul\libc.a(closer.o)
 .text._close_r
                0x0000000000002374       0x54 d:/quartus18_0/nios2eds/bin/gnu/h-x86_64-mingw32/bin/../lib/gcc/nios2-elf/5.3.0/../../../../../H-x86_64-mingw32/nios2-elf/lib/mno-hw-mul\libc.a(closer.o)
                0x0000000000002374                _close_r
 .text          0x00000000000023c8        0x0 d:/quartus18_0/nios2eds/bin/gnu/h-x86_64-mingw32/bin/../lib/gcc/nios2-elf/5.3.0/../../../../../H-x86_64-mingw32/nios2-elf/lib/mno-hw-mul\libc.a(lib_a-fclose.o)
 .text._fclose_r
                0x00000000000023c8       0xf0 d:/quartus18_0/nios2eds/bin/gnu/h-x86_64-mingw32/bin/../lib/gcc/nios2-elf/5.3.0/../../../../../H-x86_64-mingw32/nios2-elf/lib/mno-hw-mul\libc.a(lib_a-fclose.o)
                0x00000000000023c8                _fclose_r
 .text.fclose   0x00000000000024b8       0x14 d:/quartus18_0/nios2eds/bin/gnu/h-x86_64-mingw32/bin/../lib/gcc/nios2-elf/5.3.0/../../../../../H-x86_64-mingw32/nios2-elf/lib/mno-hw-mul\libc.a(lib_a-fclose.o)
                0x00000000000024b8                fclose
 .text          0x00000000000024cc        0x0 d:/quartus18_0/nios2eds/bin/gnu/h-x86_64-mingw32/bin/../lib/gcc/nios2-elf/5.3.0/../../../../../H-x86_64-mingw32/nios2-elf/lib/mno-hw-mul\libc.a(lib_a-fflush.o)
 .text.__sflush_r
                0x00000000000024cc      0x21c d:/quartus18_0/nios2eds/bin/gnu/h-x86_64-mingw32/bin/../lib/gcc/nios2-elf/5.3.0/../../../../../H-x86_64-mingw32/nios2-elf/lib/mno-hw-mul\libc.a(lib_a-fflush.o)
                0x00000000000024cc                __sflush_r
 .text._fflush_r
                0x00000000000026e8       0x5c d:/quartus18_0/nios2eds/bin/gnu/h-x86_64-mingw32/bin/../lib/gcc/nios2-elf/5.3.0/../../../../../H-x86_64-mingw32/nios2-elf/lib/mno-hw-mul\libc.a(lib_a-fflush.o)
                0x00000000000026e8                _fflush_r
 .text.fflush   0x0000000000002744       0x30 d:/quartus18_0/nios2eds/bin/gnu/h-x86_64-mingw32/bin/../lib/gcc/nios2-elf/5.3.0/../../../../../H-x86_64-mingw32/nios2-elf/lib/mno-hw-mul\libc.a(lib_a-fflush.o)
                0x0000000000002744                fflush
 .text          0x0000000000002774        0x0 d:/quartus18_0/nios2eds/bin/gnu/h-x86_64-mingw32/bin/../lib/gcc/nios2-elf/5.3.0/../../../../../H-x86_64-mingw32/nios2-elf/lib/mno-hw-mul\libc.a(lib_a-freer.o)
 .text._malloc_trim_r
                0x0000000000002774      0x124 d:/quartus18_0/nios2eds/bin/gnu/h-x86_64-mingw32/bin/../lib/gcc/nios2-elf/5.3.0/../../../../../H-x86_64-mingw32/nios2-elf/lib/mno-hw-mul\libc.a(lib_a-freer.o)
                0x0000000000002774                _malloc_trim_r
 .text._free_r  0x0000000000002898      0x310 d:/quartus18_0/nios2eds/bin/gnu/h-x86_64-mingw32/bin/../lib/gcc/nios2-elf/5.3.0/../../../../../H-x86_64-mingw32/nios2-elf/lib/mno-hw-mul\libc.a(lib_a-freer.o)
                0x0000000000002898                _free_r
 .text          0x0000000000002ba8        0x0 d:/quartus18_0/nios2eds/bin/gnu/h-x86_64-mingw32/bin/../lib/gcc/nios2-elf/5.3.0/../../../../../H-x86_64-mingw32/nios2-elf/lib/mno-hw-mul\libc.a(lib_a-int_errno.o)
 .text          0x0000000000002ba8        0x0 d:/quartus18_0/nios2eds/bin/gnu/h-x86_64-mingw32/bin/../lib/gcc/nios2-elf/5.3.0/../../../../../H-x86_64-mingw32/nios2-elf/lib/mno-hw-mul\libc.a(lib_a-lseekr.o)
 .text._lseek_r
                0x0000000000002ba8       0x60 d:/quartus18_0/nios2eds/bin/gnu/h-x86_64-mingw32/bin/../lib/gcc/nios2-elf/5.3.0/../../../../../H-x86_64-mingw32/nios2-elf/lib/mno-hw-mul\libc.a(lib_a-lseekr.o)
                0x0000000000002ba8                _lseek_r
 .text          0x0000000000002c08        0x0 d:/quartus18_0/nios2eds/bin/gnu/h-x86_64-mingw32/bin/../lib/gcc/nios2-elf/5.3.0/../../../../../H-x86_64-mingw32/nios2-elf/lib/mno-hw-mul\libc.a(lib_a-makebuf.o)
 .text.__smakebuf_r
                0x0000000000002c08      0x1bc d:/quartus18_0/nios2eds/bin/gnu/h-x86_64-mingw32/bin/../lib/gcc/nios2-elf/5.3.0/../../../../../H-x86_64-mingw32/nios2-elf/lib/mno-hw-mul\libc.a(lib_a-makebuf.o)
                0x0000000000002c08                __smakebuf_r
 .text          0x0000000000002dc4        0x0 d:/quartus18_0/nios2eds/bin/gnu/h-x86_64-mingw32/bin/../lib/gcc/nios2-elf/5.3.0/../../../../../H-x86_64-mingw32/nios2-elf/lib/mno-hw-mul\libc.a(lib_a-readr.o)
 .text._read_r  0x0000000000002dc4       0x60 d:/quartus18_0/nios2eds/bin/gnu/h-x86_64-mingw32/bin/../lib/gcc/nios2-elf/5.3.0/../../../../../H-x86_64-mingw32/nios2-elf/lib/mno-hw-mul\libc.a(lib_a-readr.o)
                0x0000000000002dc4                _read_r
 .text          0x0000000000002e24        0x0 d:/quartus18_0/nios2eds/bin/gnu/h-x86_64-mingw32/bin/../lib/gcc/nios2-elf/5.3.0/../../../../../H-x86_64-mingw32/nios2-elf/lib/mno-hw-mul\libc.a(lib_a-fstatr.o)
 .text._fstat_r
                0x0000000000002e24       0x5c d:/quartus18_0/nios2eds/bin/gnu/h-x86_64-mingw32/bin/../lib/gcc/nios2-elf/5.3.0/../../../../../H-x86_64-mingw32/nios2-elf/lib/mno-hw-mul\libc.a(lib_a-fstatr.o)
                0x0000000000002e24                _fstat_r
 .text          0x0000000000002e80        0x0 d:/quartus18_0/nios2eds/bin/gnu/h-x86_64-mingw32/bin/../lib/gcc/nios2-elf/5.3.0/../../../../../H-x86_64-mingw32/nios2-elf/lib/mno-hw-mul\libc.a(lib_a-isattyr.o)
 .text._isatty_r
                0x0000000000002e80       0x54 d:/quartus18_0/nios2eds/bin/gnu/h-x86_64-mingw32/bin/../lib/gcc/nios2-elf/5.3.0/../../../../../H-x86_64-mingw32/nios2-elf/lib/mno-hw-mul\libc.a(lib_a-isattyr.o)
                0x0000000000002e80                _isatty_r
 .text          0x0000000000002ed4      0x1b4 d:/quartus18_0/nios2eds/bin/gnu/h-x86_64-mingw32/bin/../lib/gcc/nios2-elf/5.3.0/mno-hw-mul\libgcc.a(lib2-divmod.o)
                0x0000000000002ed4                __divsi3
                0x0000000000002f58                __modsi3
                0x0000000000002fcc                __udivsi3
                0x0000000000003030                __umodsi3
 .text          0x0000000000003088       0x28 d:/quartus18_0/nios2eds/bin/gnu/h-x86_64-mingw32/bin/../lib/gcc/nios2-elf/5.3.0/mno-hw-mul\libgcc.a(lib2-mul.o)
                0x0000000000003088                __mulsi3
 .text          0x00000000000030b0      0x114 ../hal_bsp/\libhal_bsp.a(alt_close.o)
                0x00000000000030ec                close
 .text          0x00000000000031c4       0x2c ../hal_bsp/\libhal_bsp.a(alt_dev.o)
 .text          0x00000000000031f0        0x0 ../hal_bsp/\libhal_bsp.a(alt_errno.o)
 .text          0x00000000000031f0       0xf4 ../hal_bsp/\libhal_bsp.a(alt_fstat.o)
                0x000000000000322c                fstat
 .text          0x00000000000032e4       0xe8 ../hal_bsp/\libhal_bsp.a(alt_isatty.o)
                0x0000000000003320                isatty
 .text          0x00000000000033cc       0xec ../hal_bsp/\libhal_bsp.a(alt_load.o)
                0x0000000000003434                alt_load
 .text          0x00000000000034b8      0x118 ../hal_bsp/\libhal_bsp.a(alt_lseek.o)
                0x00000000000034f4                lseek
 .text          0x00000000000035d0       0x7c ../hal_bsp/\libhal_bsp.a(alt_main.o)
                0x00000000000035d0                alt_main
 .text          0x000000000000364c       0x48 ../hal_bsp/\libhal_bsp.a(alt_malloc_lock.o)
                0x000000000000364c                __malloc_lock
                0x0000000000003670                __malloc_unlock
 .text          0x0000000000003694      0x140 ../hal_bsp/\libhal_bsp.a(alt_read.o)
                0x00000000000036d0                read
 .text          0x00000000000037d4       0x84 ../hal_bsp/\libhal_bsp.a(alt_release_fd.o)
                0x00000000000037d4                alt_release_fd
 .text          0x0000000000003858       0xb0 ../hal_bsp/\libhal_bsp.a(alt_sbrk.o)
                0x0000000000003858                sbrk
 .text          0x0000000000003908      0x13c ../hal_bsp/\libhal_bsp.a(alt_write.o)
                0x0000000000003944                write
 .text          0x0000000000003a44      0x350 ../hal_bsp/\libhal_bsp.a(alt_sys_init.o)
                0x0000000000003a78                alt_irq_init
                0x0000000000003ab0                alt_sys_init
 .text          0x0000000000003d94      0x164 ../hal_bsp/\libhal_bsp.a(altera_avalon_jtag_uart_fd.o)
                0x0000000000003d94                altera_avalon_jtag_uart_read_fd
                0x0000000000003df4                altera_avalon_jtag_uart_write_fd
                0x0000000000003e54                altera_avalon_jtag_uart_close_fd
                0x0000000000003ea4                altera_avalon_jtag_uart_ioctl_fd
 .text          0x0000000000003ef8      0x3cc ../hal_bsp/\libhal_bsp.a(altera_avalon_jtag_uart_init.o)
                0x0000000000003ef8                altera_avalon_jtag_uart_init
                0x000000000000425c                altera_avalon_jtag_uart_close
 .text          0x00000000000042c4       0xf0 ../hal_bsp/\libhal_bsp.a(altera_avalon_jtag_uart_ioctl.o)
                0x00000000000042c4                altera_avalon_jtag_uart_ioctl
 .text          0x00000000000043b4      0x21c ../hal_bsp/\libhal_bsp.a(altera_avalon_jtag_uart_read.o)
                0x00000000000043b4                altera_avalon_jtag_uart_read
 .text          0x00000000000045d0      0x224 ../hal_bsp/\libhal_bsp.a(altera_avalon_jtag_uart_write.o)
                0x00000000000045d0                altera_avalon_jtag_uart_write
 .text          0x00000000000047f4      0x12c ../hal_bsp/\libhal_bsp.a(alt_alarm_start.o)
                0x00000000000047f4                alt_alarm_start
 .text          0x0000000000004920       0x20 ../hal_bsp/\libhal_bsp.a(alt_dcache_flush_all.o)
                0x0000000000004920                alt_dcache_flush_all
 .text          0x0000000000004940       0xe0 ../hal_bsp/\libhal_bsp.a(alt_dev_llist_insert.o)
                0x000000000000497c                alt_dev_llist_insert
 .text          0x0000000000004a20       0x60 ../hal_bsp/\libhal_bsp.a(alt_do_ctors.o)
                0x0000000000004a20                _do_ctors
 .text          0x0000000000004a80       0x60 ../hal_bsp/\libhal_bsp.a(alt_do_dtors.o)
                0x0000000000004a80                _do_dtors
 .text          0x0000000000004ae0       0x20 ../hal_bsp/\libhal_bsp.a(alt_icache_flush_all.o)
                0x0000000000004ae0                alt_icache_flush_all
 .text          0x0000000000004b00      0x160 ../hal_bsp/\libhal_bsp.a(alt_io_redirect.o)
                0x0000000000004be4                alt_io_redirect
 .text          0x0000000000004c60      0x180 ../hal_bsp/\libhal_bsp.a(alt_irq_register.o)
                0x0000000000004c60                alt_irq_register
 .text          0x0000000000004de0        0x0 ../hal_bsp/\libhal_bsp.a(alt_irq_vars.o)
 .text          0x0000000000004de0      0x284 ../hal_bsp/\libhal_bsp.a(alt_open.o)
                0x0000000000004f08                open
 .text          0x0000000000005064      0x1a4 ../hal_bsp/\libhal_bsp.a(alt_tick.o)
                0x0000000000005064                alt_alarm_stop
                0x0000000000005100                alt_tick
 .text          0x0000000000005208       0x24 ../hal_bsp/\libhal_bsp.a(altera_nios2_gen2_irq.o)
                0x0000000000005208                altera_nios2_gen2_irq_init
 .text          0x000000000000522c       0x90 ../hal_bsp/\libhal_bsp.a(alt_find_dev.o)
                0x000000000000522c                alt_find_dev
 .text          0x00000000000052bc      0x108 ../hal_bsp/\libhal_bsp.a(alt_find_file.o)
                0x00000000000052bc                alt_find_file
 .text          0x00000000000053c4       0xc4 ../hal_bsp/\libhal_bsp.a(alt_get_fd.o)
                0x00000000000053c4                alt_get_fd
 .text          0x0000000000005488        0x0 ../hal_bsp/\libhal_bsp.a(alt_irq_entry.o)
 .text          0x0000000000005488        0x0 ../hal_bsp/\libhal_bsp.a(alt_irq_handler.o)
 .text          0x0000000000005488        0x0 ../hal_bsp/\libhal_bsp.a(alt_exception_entry.o)
 .text          0x0000000000005488       0x9c ../hal_bsp/\libhal_bsp.a(alt_instruction_exception_entry.o)
                0x0000000000005488                alt_exception_cause_generated_bad_addr
 .text          0x0000000000005524        0x0 d:/quartus18_0/nios2eds/bin/gnu/h-x86_64-mingw32/bin/../lib/gcc/nios2-elf/5.3.0/../../../../../H-x86_64-mingw32/nios2-elf/lib/mno-hw-mul\libc.a(lib_a-atexit.o)
 .text.atexit   0x0000000000005524       0x14 d:/quartus18_0/nios2eds/bin/gnu/h-x86_64-mingw32/bin/../lib/gcc/nios2-elf/5.3.0/../../../../../H-x86_64-mingw32/nios2-elf/lib/mno-hw-mul\libc.a(lib_a-atexit.o)
                0x0000000000005524                atexit
 .text          0x0000000000005538        0x0 d:/quartus18_0/nios2eds/bin/gnu/h-x86_64-mingw32/bin/../lib/gcc/nios2-elf/5.3.0/../../../../../H-x86_64-mingw32/nios2-elf/lib/mno-hw-mul\libc.a(lib_a-exit.o)
 .text.exit     0x0000000000005538       0x38 d:/quartus18_0/nios2eds/bin/gnu/h-x86_64-mingw32/bin/../lib/gcc/nios2-elf/5.3.0/../../../../../H-x86_64-mingw32/nios2-elf/lib/mno-hw-mul\libc.a(lib_a-exit.o)
                0x0000000000005538                exit
 .text          0x0000000000005570        0x0 d:/quartus18_0/nios2eds/bin/gnu/h-x86_64-mingw32/bin/../lib/gcc/nios2-elf/5.3.0/../../../../../H-x86_64-mingw32/nios2-elf/lib/mno-hw-mul\libc.a(lib_a-memcmp.o)
 .text.memcmp   0x0000000000005570       0x7c d:/quartus18_0/nios2eds/bin/gnu/h-x86_64-mingw32/bin/../lib/gcc/nios2-elf/5.3.0/../../../../../H-x86_64-mingw32/nios2-elf/lib/mno-hw-mul\libc.a(lib_a-memcmp.o)
                0x0000000000005570                memcmp
 .text          0x00000000000055ec        0x0 d:/quartus18_0/nios2eds/bin/gnu/h-x86_64-mingw32/bin/../lib/gcc/nios2-elf/5.3.0/../../../../../H-x86_64-mingw32/nios2-elf/lib/mno-hw-mul\libc.a(lib_a-__atexit.o)
 .text.__register_exitproc
                0x00000000000055ec      0x118 d:/quartus18_0/nios2eds/bin/gnu/h-x86_64-mingw32/bin/../lib/gcc/nios2-elf/5.3.0/../../../../../H-x86_64-mingw32/nios2-elf/lib/mno-hw-mul\libc.a(lib_a-__atexit.o)
                0x00000000000055ec                __register_exitproc
 .text          0x0000000000005704        0x0 d:/quartus18_0/nios2eds/bin/gnu/h-x86_64-mingw32/bin/../lib/gcc/nios2-elf/5.3.0/../../../../../H-x86_64-mingw32/nios2-elf/lib/mno-hw-mul\libc.a(lib_a-__call_atexit.o)
 .text.__call_exitprocs
                0x0000000000005704      0x180 d:/quartus18_0/nios2eds/bin/gnu/h-x86_64-mingw32/bin/../lib/gcc/nios2-elf/5.3.0/../../../../../H-x86_64-mingw32/nios2-elf/lib/mno-hw-mul\libc.a(lib_a-__call_atexit.o)
                0x0000000000005704                __call_exitprocs
 .text          0x0000000000005884       0x34 ../hal_bsp/\libhal_bsp.a(alt_exit.o)
                0x0000000000005884                _exit
 *(.gnu.warning.*)
 *(.fini)
                [!provide]                        PROVIDE (__etext, ABSOLUTE (.))
                [!provide]                        PROVIDE (_etext, ABSOLUTE (.))
                [!provide]                        PROVIDE (etext, ABSOLUTE (.))
 *(.eh_frame_hdr)
                0x00000000000058b8                . = ALIGN (0x4)
                [!provide]                        PROVIDE (__preinit_array_start, ABSOLUTE (.))
 *(.preinit_array)
                [!provide]                        PROVIDE (__preinit_array_end, ABSOLUTE (.))
                [!provide]                        PROVIDE (__init_array_start, ABSOLUTE (.))
 *(.init_array)
                [!provide]                        PROVIDE (__init_array_end, ABSOLUTE (.))
                [!provide]                        PROVIDE (__fini_array_start, ABSOLUTE (.))
 *(.fini_array)
                [!provide]                        PROVIDE (__fini_array_end, ABSOLUTE (.))
 *(.eh_frame)
 *(.gcc_except_table .gcc_except_table.*)
 *(.dynamic)
                0x00000000000058b8                PROVIDE (__CTOR_LIST__, ABSOLUTE (.))
 *(.ctors)
 *(SORT(.ctors.*))
                0x00000000000058b8                PROVIDE (__CTOR_END__, ABSOLUTE (.))
                0x00000000000058b8                PROVIDE (__DTOR_LIST__, ABSOLUTE (.))
 *(.dtors)
 *(SORT(.dtors.*))
                0x00000000000058b8                PROVIDE (__DTOR_END__, ABSOLUTE (.))
 *(.jcr)
                0x00000000000058b8                . = ALIGN (0x4)

.rodata         0x00000000000058b8       0x80
                0x00000000000058b8                PROVIDE (__ram_rodata_start, ABSOLUTE (.))
                0x00000000000058b8                . = ALIGN (0x4)
 *(.rodata .rodata.* .gnu.linkonce.r.*)
 .rodata        0x00000000000058b8       0x17 obj/default/main.o
 *fill*         0x00000000000058cf        0x1 
 .rodata.str1.4
                0x00000000000058d0        0x2 d:/quartus18_0/nios2eds/bin/gnu/h-x86_64-mingw32/bin/../lib/gcc/nios2-elf/5.3.0/../../../../../H-x86_64-mingw32/nios2-elf/lib/mno-hw-mul\libc.a(lib_a-puts.o)
 *fill*         0x00000000000058d2        0x2 
 .rodata.str1.4
                0x00000000000058d4        0x4 d:/quartus18_0/nios2eds/bin/gnu/h-x86_64-mingw32/bin/../lib/gcc/nios2-elf/5.3.0/../../../../../H-x86_64-mingw32/nios2-elf/lib/mno-hw-mul\libc.a(lib_a-impure.o)
                                          0x2 (size before relaxing)
 .rodata        0x00000000000058d8        0xa ../hal_bsp/\libhal_bsp.a(alt_dev.o)
 *fill*         0x00000000000058e2        0x2 
 .rodata        0x00000000000058e4       0x11 ../hal_bsp/\libhal_bsp.a(alt_main.o)
 *fill*         0x00000000000058f5        0x3 
 .rodata        0x00000000000058f8       0x40 ../hal_bsp/\libhal_bsp.a(alt_sys_init.o)
 *(.rodata1)
                0x0000000000005938                . = ALIGN (0x4)
                0x0000000000005938                PROVIDE (__ram_rodata_end, ABSOLUTE (.))
                0x00000000000058b8                PROVIDE (__flash_rodata_start, LOADADDR (.rodata))

.rwdata         0x0000000000005938     0x1af8 load address 0x0000000000007430
                0x0000000000005938                PROVIDE (__ram_rwdata_start, ABSOLUTE (.))
                0x0000000000005938                . = ALIGN (0x4)
 *(.got.plt)
 *(.got)
 *(.data1)
 *(.data .data.* .gnu.linkonce.d.*)
 .data          0x0000000000005938        0x0 ../hal_bsp//obj/HAL/src/crt0.o
 .data          0x0000000000005938        0x0 obj/default/main.o
 .data          0x0000000000005938        0x0 d:/quartus18_0/nios2eds/bin/gnu/h-x86_64-mingw32/bin/../lib/gcc/nios2-elf/5.3.0/../../../../../H-x86_64-mingw32/nios2-elf/lib/mno-hw-mul\libc.a(lib_a-puts.o)
 .data          0x0000000000005938        0x0 d:/quartus18_0/nios2eds/bin/gnu/h-x86_64-mingw32/bin/../lib/gcc/nios2-elf/5.3.0/../../../../../H-x86_64-mingw32/nios2-elf/lib/mno-hw-mul\libc.a(lib_a-strlen.o)
 .data          0x0000000000005938        0x0 d:/quartus18_0/nios2eds/bin/gnu/h-x86_64-mingw32/bin/../lib/gcc/nios2-elf/5.3.0/../../../../../H-x86_64-mingw32/nios2-elf/lib/mno-hw-mul\libc.a(lib_a-findfp.o)
 .data          0x0000000000005938        0x0 d:/quartus18_0/nios2eds/bin/gnu/h-x86_64-mingw32/bin/../lib/gcc/nios2-elf/5.3.0/../../../../../H-x86_64-mingw32/nios2-elf/lib/mno-hw-mul\libc.a(lib_a-fvwrite.o)
 .data          0x0000000000005938        0x0 d:/quartus18_0/nios2eds/bin/gnu/h-x86_64-mingw32/bin/../lib/gcc/nios2-elf/5.3.0/../../../../../H-x86_64-mingw32/nios2-elf/lib/mno-hw-mul\libc.a(lib_a-fwalk.o)
 .data          0x0000000000005938        0x0 d:/quartus18_0/nios2eds/bin/gnu/h-x86_64-mingw32/bin/../lib/gcc/nios2-elf/5.3.0/../../../../../H-x86_64-mingw32/nios2-elf/lib/mno-hw-mul\libc.a(lib_a-impure.o)
 .data.impure_data
                0x0000000000005938      0x424 d:/quartus18_0/nios2eds/bin/gnu/h-x86_64-mingw32/bin/../lib/gcc/nios2-elf/5.3.0/../../../../../H-x86_64-mingw32/nios2-elf/lib/mno-hw-mul\libc.a(lib_a-impure.o)
 .data          0x0000000000005d5c        0x0 d:/quartus18_0/nios2eds/bin/gnu/h-x86_64-mingw32/bin/../lib/gcc/nios2-elf/5.3.0/../../../../../H-x86_64-mingw32/nios2-elf/lib/mno-hw-mul\libc.a(lib_a-mallocr.o)
 .data.__malloc_av_
                0x0000000000005d5c      0x408 d:/quartus18_0/nios2eds/bin/gnu/h-x86_64-mingw32/bin/../lib/gcc/nios2-elf/5.3.0/../../../../../H-x86_64-mingw32/nios2-elf/lib/mno-hw-mul\libc.a(lib_a-mallocr.o)
                0x0000000000005d5c                __malloc_av_
 .data          0x0000000000006164        0x0 d:/quartus18_0/nios2eds/bin/gnu/h-x86_64-mingw32/bin/../lib/gcc/nios2-elf/5.3.0/../../../../../H-x86_64-mingw32/nios2-elf/lib/mno-hw-mul\libc.a(lib_a-memchr.o)
 .data          0x0000000000006164        0x0 d:/quartus18_0/nios2eds/bin/gnu/h-x86_64-mingw32/bin/../lib/gcc/nios2-elf/5.3.0/../../../../../H-x86_64-mingw32/nios2-elf/lib/mno-hw-mul\libc.a(lib_a-memcpy.o)
 .data          0x0000000000006164        0x0 d:/quartus18_0/nios2eds/bin/gnu/h-x86_64-mingw32/bin/../lib/gcc/nios2-elf/5.3.0/../../../../../H-x86_64-mingw32/nios2-elf/lib/mno-hw-mul\libc.a(lib_a-memmove.o)
 .data          0x0000000000006164        0x0 d:/quartus18_0/nios2eds/bin/gnu/h-x86_64-mingw32/bin/../lib/gcc/nios2-elf/5.3.0/../../../../../H-x86_64-mingw32/nios2-elf/lib/mno-hw-mul\libc.a(lib_a-memset.o)
 .data          0x0000000000006164        0x0 d:/quartus18_0/nios2eds/bin/gnu/h-x86_64-mingw32/bin/../lib/gcc/nios2-elf/5.3.0/../../../../../H-x86_64-mingw32/nios2-elf/lib/mno-hw-mul\libc.a(lib_a-reallocr.o)
 .data          0x0000000000006164        0x0 d:/quartus18_0/nios2eds/bin/gnu/h-x86_64-mingw32/bin/../lib/gcc/nios2-elf/5.3.0/../../../../../H-x86_64-mingw32/nios2-elf/lib/mno-hw-mul\libc.a(lib_a-sbrkr.o)
 .data          0x0000000000006164        0x0 d:/quartus18_0/nios2eds/bin/gnu/h-x86_64-mingw32/bin/../lib/gcc/nios2-elf/5.3.0/../../../../../H-x86_64-mingw32/nios2-elf/lib/mno-hw-mul\libc.a(lib_a-stdio.o)
 .data          0x0000000000006164        0x0 d:/quartus18_0/nios2eds/bin/gnu/h-x86_64-mingw32/bin/../lib/gcc/nios2-elf/5.3.0/../../../../../H-x86_64-mingw32/nios2-elf/lib/mno-hw-mul\libc.a(lib_a-writer.o)
 .data          0x0000000000006164        0x0 d:/quartus18_0/nios2eds/bin/gnu/h-x86_64-mingw32/bin/../lib/gcc/nios2-elf/5.3.0/../../../../../H-x86_64-mingw32/nios2-elf/lib/mno-hw-mul\libc.a(lib_a-wsetup.o)
 .data          0x0000000000006164        0x0 d:/quartus18_0/nios2eds/bin/gnu/h-x86_64-mingw32/bin/../lib/gcc/nios2-elf/5.3.0/../../../../../H-x86_64-mingw32/nios2-elf/lib/mno-hw-mul\libc.a(closer.o)
 .data          0x0000000000006164        0x0 d:/quartus18_0/nios2eds/bin/gnu/h-x86_64-mingw32/bin/../lib/gcc/nios2-elf/5.3.0/../../../../../H-x86_64-mingw32/nios2-elf/lib/mno-hw-mul\libc.a(lib_a-fclose.o)
 .data          0x0000000000006164        0x0 d:/quartus18_0/nios2eds/bin/gnu/h-x86_64-mingw32/bin/../lib/gcc/nios2-elf/5.3.0/../../../../../H-x86_64-mingw32/nios2-elf/lib/mno-hw-mul\libc.a(lib_a-fflush.o)
 .data          0x0000000000006164        0x0 d:/quartus18_0/nios2eds/bin/gnu/h-x86_64-mingw32/bin/../lib/gcc/nios2-elf/5.3.0/../../../../../H-x86_64-mingw32/nios2-elf/lib/mno-hw-mul\libc.a(lib_a-freer.o)
 .data          0x0000000000006164        0x0 d:/quartus18_0/nios2eds/bin/gnu/h-x86_64-mingw32/bin/../lib/gcc/nios2-elf/5.3.0/../../../../../H-x86_64-mingw32/nios2-elf/lib/mno-hw-mul\libc.a(lib_a-int_errno.o)
 .data          0x0000000000006164        0x0 d:/quartus18_0/nios2eds/bin/gnu/h-x86_64-mingw32/bin/../lib/gcc/nios2-elf/5.3.0/../../../../../H-x86_64-mingw32/nios2-elf/lib/mno-hw-mul\libc.a(lib_a-lseekr.o)
 .data          0x0000000000006164        0x0 d:/quartus18_0/nios2eds/bin/gnu/h-x86_64-mingw32/bin/../lib/gcc/nios2-elf/5.3.0/../../../../../H-x86_64-mingw32/nios2-elf/lib/mno-hw-mul\libc.a(lib_a-makebuf.o)
 .data          0x0000000000006164        0x0 d:/quartus18_0/nios2eds/bin/gnu/h-x86_64-mingw32/bin/../lib/gcc/nios2-elf/5.3.0/../../../../../H-x86_64-mingw32/nios2-elf/lib/mno-hw-mul\libc.a(lib_a-readr.o)
 .data          0x0000000000006164        0x0 d:/quartus18_0/nios2eds/bin/gnu/h-x86_64-mingw32/bin/../lib/gcc/nios2-elf/5.3.0/../../../../../H-x86_64-mingw32/nios2-elf/lib/mno-hw-mul\libc.a(lib_a-fstatr.o)
 .data          0x0000000000006164        0x0 d:/quartus18_0/nios2eds/bin/gnu/h-x86_64-mingw32/bin/../lib/gcc/nios2-elf/5.3.0/../../../../../H-x86_64-mingw32/nios2-elf/lib/mno-hw-mul\libc.a(lib_a-isattyr.o)
 .data          0x0000000000006164        0x0 d:/quartus18_0/nios2eds/bin/gnu/h-x86_64-mingw32/bin/../lib/gcc/nios2-elf/5.3.0/mno-hw-mul\libgcc.a(lib2-divmod.o)
 .data          0x0000000000006164        0x0 d:/quartus18_0/nios2eds/bin/gnu/h-x86_64-mingw32/bin/../lib/gcc/nios2-elf/5.3.0/mno-hw-mul\libgcc.a(lib2-mul.o)
 .data          0x0000000000006164        0x0 ../hal_bsp/\libhal_bsp.a(alt_close.o)
 .data          0x0000000000006164      0x1a8 ../hal_bsp/\libhal_bsp.a(alt_dev.o)
                0x0000000000006164                alt_dev_null
                0x000000000000618c                alt_fd_list
 .data          0x000000000000630c        0x0 ../hal_bsp/\libhal_bsp.a(alt_errno.o)
 .data          0x000000000000630c        0x0 ../hal_bsp/\libhal_bsp.a(alt_fstat.o)
 .data          0x000000000000630c        0x0 ../hal_bsp/\libhal_bsp.a(alt_isatty.o)
 .data          0x000000000000630c        0x0 ../hal_bsp/\libhal_bsp.a(alt_load.o)
 .data          0x000000000000630c        0x0 ../hal_bsp/\libhal_bsp.a(alt_lseek.o)
 .data          0x000000000000630c        0x0 ../hal_bsp/\libhal_bsp.a(alt_main.o)
 .data          0x000000000000630c        0x0 ../hal_bsp/\libhal_bsp.a(alt_malloc_lock.o)
 .data          0x000000000000630c        0x0 ../hal_bsp/\libhal_bsp.a(alt_read.o)
 .data          0x000000000000630c        0x0 ../hal_bsp/\libhal_bsp.a(alt_release_fd.o)
 .data          0x000000000000630c        0x0 ../hal_bsp/\libhal_bsp.a(alt_sbrk.o)
 .data          0x000000000000630c        0x0 ../hal_bsp/\libhal_bsp.a(alt_write.o)
 .data          0x000000000000630c     0x10ec ../hal_bsp/\libhal_bsp.a(alt_sys_init.o)
 .data          0x00000000000073f8        0x0 ../hal_bsp/\libhal_bsp.a(altera_avalon_jtag_uart_fd.o)
 .data          0x00000000000073f8        0x0 ../hal_bsp/\libhal_bsp.a(altera_avalon_jtag_uart_init.o)
 .data          0x00000000000073f8        0x0 ../hal_bsp/\libhal_bsp.a(altera_avalon_jtag_uart_ioctl.o)
 .data          0x00000000000073f8        0x0 ../hal_bsp/\libhal_bsp.a(altera_avalon_jtag_uart_read.o)
 .data          0x00000000000073f8        0x0 ../hal_bsp/\libhal_bsp.a(altera_avalon_jtag_uart_write.o)
 .data          0x00000000000073f8        0x0 ../hal_bsp/\libhal_bsp.a(alt_alarm_start.o)
 .data          0x00000000000073f8        0x0 ../hal_bsp/\libhal_bsp.a(alt_dcache_flush_all.o)
 .data          0x00000000000073f8        0x0 ../hal_bsp/\libhal_bsp.a(alt_dev_llist_insert.o)
 .data          0x00000000000073f8        0x0 ../hal_bsp/\libhal_bsp.a(alt_do_ctors.o)
 .data          0x00000000000073f8        0x0 ../hal_bsp/\libhal_bsp.a(alt_do_dtors.o)
 .data          0x00000000000073f8        0x0 ../hal_bsp/\libhal_bsp.a(alt_icache_flush_all.o)
 .data          0x00000000000073f8        0x0 ../hal_bsp/\libhal_bsp.a(alt_io_redirect.o)
 .data          0x00000000000073f8        0x0 ../hal_bsp/\libhal_bsp.a(alt_irq_register.o)
 .data          0x00000000000073f8        0x0 ../hal_bsp/\libhal_bsp.a(alt_irq_vars.o)
 .data          0x00000000000073f8        0x0 ../hal_bsp/\libhal_bsp.a(alt_open.o)
 .data          0x00000000000073f8        0x0 ../hal_bsp/\libhal_bsp.a(alt_tick.o)
 .data          0x00000000000073f8        0x0 ../hal_bsp/\libhal_bsp.a(altera_nios2_gen2_irq.o)
 .data          0x00000000000073f8        0x0 ../hal_bsp/\libhal_bsp.a(alt_find_dev.o)
 .data          0x00000000000073f8        0x0 ../hal_bsp/\libhal_bsp.a(alt_find_file.o)
 .data          0x00000000000073f8        0x0 ../hal_bsp/\libhal_bsp.a(alt_get_fd.o)
 .data          0x00000000000073f8        0x0 ../hal_bsp/\libhal_bsp.a(alt_irq_entry.o)
 .data          0x00000000000073f8        0x0 ../hal_bsp/\libhal_bsp.a(alt_irq_handler.o)
 .data          0x00000000000073f8        0x0 ../hal_bsp/\libhal_bsp.a(alt_exception_entry.o)
 .data          0x00000000000073f8        0x0 ../hal_bsp/\libhal_bsp.a(alt_instruction_exception_entry.o)
 .data          0x00000000000073f8        0x0 d:/quartus18_0/nios2eds/bin/gnu/h-x86_64-mingw32/bin/../lib/gcc/nios2-elf/5.3.0/../../../../../H-x86_64-mingw32/nios2-elf/lib/mno-hw-mul\libc.a(lib_a-atexit.o)
 .data          0x00000000000073f8        0x0 d:/quartus18_0/nios2eds/bin/gnu/h-x86_64-mingw32/bin/../lib/gcc/nios2-elf/5.3.0/../../../../../H-x86_64-mingw32/nios2-elf/lib/mno-hw-mul\libc.a(lib_a-exit.o)
 .data          0x00000000000073f8        0x0 d:/quartus18_0/nios2eds/bin/gnu/h-x86_64-mingw32/bin/../lib/gcc/nios2-elf/5.3.0/../../../../../H-x86_64-mingw32/nios2-elf/lib/mno-hw-mul\libc.a(lib_a-memcmp.o)
 .data          0x00000000000073f8        0x0 d:/quartus18_0/nios2eds/bin/gnu/h-x86_64-mingw32/bin/../lib/gcc/nios2-elf/5.3.0/../../../../../H-x86_64-mingw32/nios2-elf/lib/mno-hw-mul\libc.a(lib_a-__atexit.o)
 .data          0x00000000000073f8        0x0 d:/quartus18_0/nios2eds/bin/gnu/h-x86_64-mingw32/bin/../lib/gcc/nios2-elf/5.3.0/../../../../../H-x86_64-mingw32/nios2-elf/lib/mno-hw-mul\libc.a(lib_a-__call_atexit.o)
 .data          0x00000000000073f8        0x0 ../hal_bsp/\libhal_bsp.a(alt_exit.o)
                0x000000000000f3f8                _gp = ABSOLUTE ((. + 0x8000))
                [!provide]                        PROVIDE (gp, _gp)
 *(.rwdata .rwdata.*)
 *(.sdata .sdata.* .gnu.linkonce.s.*)
 .sdata._global_impure_ptr
                0x00000000000073f8        0x4 d:/quartus18_0/nios2eds/bin/gnu/h-x86_64-mingw32/bin/../lib/gcc/nios2-elf/5.3.0/../../../../../H-x86_64-mingw32/nios2-elf/lib/mno-hw-mul\libc.a(lib_a-impure.o)
                0x00000000000073f8                _global_impure_ptr
 .sdata._impure_ptr
                0x00000000000073fc        0x4 d:/quartus18_0/nios2eds/bin/gnu/h-x86_64-mingw32/bin/../lib/gcc/nios2-elf/5.3.0/../../../../../H-x86_64-mingw32/nios2-elf/lib/mno-hw-mul\libc.a(lib_a-impure.o)
                0x00000000000073fc                _impure_ptr
 .sdata.__malloc_sbrk_base
                0x0000000000007400        0x4 d:/quartus18_0/nios2eds/bin/gnu/h-x86_64-mingw32/bin/../lib/gcc/nios2-elf/5.3.0/../../../../../H-x86_64-mingw32/nios2-elf/lib/mno-hw-mul\libc.a(lib_a-mallocr.o)
                0x0000000000007400                __malloc_sbrk_base
 .sdata.__malloc_trim_threshold
                0x0000000000007404        0x4 d:/quartus18_0/nios2eds/bin/gnu/h-x86_64-mingw32/bin/../lib/gcc/nios2-elf/5.3.0/../../../../../H-x86_64-mingw32/nios2-elf/lib/mno-hw-mul\libc.a(lib_a-mallocr.o)
                0x0000000000007404                __malloc_trim_threshold
 .sdata         0x0000000000007408       0x14 ../hal_bsp/\libhal_bsp.a(alt_dev.o)
                0x0000000000007408                alt_fs_list
                0x0000000000007410                alt_dev_list
                0x0000000000007418                alt_max_fd
 .sdata         0x000000000000741c        0x4 ../hal_bsp/\libhal_bsp.a(alt_errno.o)
                0x000000000000741c                alt_errno
 .sdata         0x0000000000007420        0x4 ../hal_bsp/\libhal_bsp.a(alt_sbrk.o)
 .sdata         0x0000000000007424        0x4 ../hal_bsp/\libhal_bsp.a(alt_irq_vars.o)
                0x0000000000007424                alt_priority_mask
 .sdata         0x0000000000007428        0x8 ../hal_bsp/\libhal_bsp.a(alt_tick.o)
                0x0000000000007428                alt_alarm_list
 *(.sdata2 .sdata2.* .gnu.linkonce.s2.*)
                0x0000000000007430                . = ALIGN (0x4)
                0x0000000000007430                _edata = ABSOLUTE (.)
                [!provide]                        PROVIDE (edata, ABSOLUTE (.))
                0x0000000000007430                PROVIDE (__ram_rwdata_end, ABSOLUTE (.))
                0x0000000000007430                PROVIDE (__flash_rwdata_start, LOADADDR (.rwdata))

.bss            0x0000000000008f28      0x154
                0x0000000000008f28                __bss_start = ABSOLUTE (.)
                [!provide]                        PROVIDE (__sbss_start, ABSOLUTE (.))
                [!provide]                        PROVIDE (___sbss_start, ABSOLUTE (.))
 *(.dynsbss)
 *(.sbss .sbss.* .gnu.linkonce.sb.*)
 .sbss.__malloc_max_total_mem
                0x0000000000008f28        0x4 d:/quartus18_0/nios2eds/bin/gnu/h-x86_64-mingw32/bin/../lib/gcc/nios2-elf/5.3.0/../../../../../H-x86_64-mingw32/nios2-elf/lib/mno-hw-mul\libc.a(lib_a-mallocr.o)
                0x0000000000008f28                __malloc_max_total_mem
 .sbss.__malloc_max_sbrked_mem
                0x0000000000008f2c        0x4 d:/quartus18_0/nios2eds/bin/gnu/h-x86_64-mingw32/bin/../lib/gcc/nios2-elf/5.3.0/../../../../../H-x86_64-mingw32/nios2-elf/lib/mno-hw-mul\libc.a(lib_a-mallocr.o)
                0x0000000000008f2c                __malloc_max_sbrked_mem
 .sbss.__malloc_top_pad
                0x0000000000008f30        0x4 d:/quartus18_0/nios2eds/bin/gnu/h-x86_64-mingw32/bin/../lib/gcc/nios2-elf/5.3.0/../../../../../H-x86_64-mingw32/nios2-elf/lib/mno-hw-mul\libc.a(lib_a-mallocr.o)
                0x0000000000008f30                __malloc_top_pad
 .sbss          0x0000000000008f34        0x4 d:/quartus18_0/nios2eds/bin/gnu/h-x86_64-mingw32/bin/../lib/gcc/nios2-elf/5.3.0/../../../../../H-x86_64-mingw32/nios2-elf/lib/mno-hw-mul\libc.a(lib_a-int_errno.o)
                0x0000000000008f34                errno
 .sbss          0x0000000000008f38        0xc ../hal_bsp/\libhal_bsp.a(alt_main.o)
                0x0000000000008f38                alt_argc
                0x0000000000008f3c                alt_argv
                0x0000000000008f40                alt_envp
 .sbss          0x0000000000008f44        0x4 ../hal_bsp/\libhal_bsp.a(alt_irq_vars.o)
                0x0000000000008f44                alt_irq_active
 .sbss          0x0000000000008f48        0x8 ../hal_bsp/\libhal_bsp.a(alt_tick.o)
                0x0000000000008f48                _alt_tick_rate
                0x0000000000008f4c                _alt_nticks
 .sbss          0x0000000000008f50        0x4 ../hal_bsp/\libhal_bsp.a(alt_instruction_exception_entry.o)
                0x0000000000008f50                alt_instruction_exception_handler
 *(.sbss2 .sbss2.* .gnu.linkonce.sb2.*)
 *(.scommon)
                [!provide]                        PROVIDE (__sbss_end, ABSOLUTE (.))
                [!provide]                        PROVIDE (___sbss_end, ABSOLUTE (.))
 *(.dynbss)
 *(.bss .bss.* .gnu.linkonce.b.*)
 .bss           0x0000000000008f54        0x0 ../hal_bsp//obj/HAL/src/crt0.o
 .bss           0x0000000000008f54        0x0 obj/default/main.o
 .bss           0x0000000000008f54        0x0 d:/quartus18_0/nios2eds/bin/gnu/h-x86_64-mingw32/bin/../lib/gcc/nios2-elf/5.3.0/../../../../../H-x86_64-mingw32/nios2-elf/lib/mno-hw-mul\libc.a(lib_a-puts.o)
 .bss           0x0000000000008f54        0x0 d:/quartus18_0/nios2eds/bin/gnu/h-x86_64-mingw32/bin/../lib/gcc/nios2-elf/5.3.0/../../../../../H-x86_64-mingw32/nios2-elf/lib/mno-hw-mul\libc.a(lib_a-strlen.o)
 .bss           0x0000000000008f54        0x0 d:/quartus18_0/nios2eds/bin/gnu/h-x86_64-mingw32/bin/../lib/gcc/nios2-elf/5.3.0/../../../../../H-x86_64-mingw32/nios2-elf/lib/mno-hw-mul\libc.a(lib_a-findfp.o)
 .bss           0x0000000000008f54        0x0 d:/quartus18_0/nios2eds/bin/gnu/h-x86_64-mingw32/bin/../lib/gcc/nios2-elf/5.3.0/../../../../../H-x86_64-mingw32/nios2-elf/lib/mno-hw-mul\libc.a(lib_a-fvwrite.o)
 .bss           0x0000000000008f54        0x0 d:/quartus18_0/nios2eds/bin/gnu/h-x86_64-mingw32/bin/../lib/gcc/nios2-elf/5.3.0/../../../../../H-x86_64-mingw32/nios2-elf/lib/mno-hw-mul\libc.a(lib_a-fwalk.o)
 .bss           0x0000000000008f54        0x0 d:/quartus18_0/nios2eds/bin/gnu/h-x86_64-mingw32/bin/../lib/gcc/nios2-elf/5.3.0/../../../../../H-x86_64-mingw32/nios2-elf/lib/mno-hw-mul\libc.a(lib_a-impure.o)
 .bss           0x0000000000008f54        0x0 d:/quartus18_0/nios2eds/bin/gnu/h-x86_64-mingw32/bin/../lib/gcc/nios2-elf/5.3.0/../../../../../H-x86_64-mingw32/nios2-elf/lib/mno-hw-mul\libc.a(lib_a-mallocr.o)
 .bss.__malloc_current_mallinfo
                0x0000000000008f54       0x28 d:/quartus18_0/nios2eds/bin/gnu/h-x86_64-mingw32/bin/../lib/gcc/nios2-elf/5.3.0/../../../../../H-x86_64-mingw32/nios2-elf/lib/mno-hw-mul\libc.a(lib_a-mallocr.o)
                0x0000000000008f54                __malloc_current_mallinfo
 .bss           0x0000000000008f7c        0x0 d:/quartus18_0/nios2eds/bin/gnu/h-x86_64-mingw32/bin/../lib/gcc/nios2-elf/5.3.0/../../../../../H-x86_64-mingw32/nios2-elf/lib/mno-hw-mul\libc.a(lib_a-memchr.o)
 .bss           0x0000000000008f7c        0x0 d:/quartus18_0/nios2eds/bin/gnu/h-x86_64-mingw32/bin/../lib/gcc/nios2-elf/5.3.0/../../../../../H-x86_64-mingw32/nios2-elf/lib/mno-hw-mul\libc.a(lib_a-memcpy.o)
 .bss           0x0000000000008f7c        0x0 d:/quartus18_0/nios2eds/bin/gnu/h-x86_64-mingw32/bin/../lib/gcc/nios2-elf/5.3.0/../../../../../H-x86_64-mingw32/nios2-elf/lib/mno-hw-mul\libc.a(lib_a-memmove.o)
 .bss           0x0000000000008f7c        0x0 d:/quartus18_0/nios2eds/bin/gnu/h-x86_64-mingw32/bin/../lib/gcc/nios2-elf/5.3.0/../../../../../H-x86_64-mingw32/nios2-elf/lib/mno-hw-mul\libc.a(lib_a-memset.o)
 .bss           0x0000000000008f7c        0x0 d:/quartus18_0/nios2eds/bin/gnu/h-x86_64-mingw32/bin/../lib/gcc/nios2-elf/5.3.0/../../../../../H-x86_64-mingw32/nios2-elf/lib/mno-hw-mul\libc.a(lib_a-reallocr.o)
 .bss           0x0000000000008f7c        0x0 d:/quartus18_0/nios2eds/bin/gnu/h-x86_64-mingw32/bin/../lib/gcc/nios2-elf/5.3.0/../../../../../H-x86_64-mingw32/nios2-elf/lib/mno-hw-mul\libc.a(lib_a-sbrkr.o)
 .bss           0x0000000000008f7c        0x0 d:/quartus18_0/nios2eds/bin/gnu/h-x86_64-mingw32/bin/../lib/gcc/nios2-elf/5.3.0/../../../../../H-x86_64-mingw32/nios2-elf/lib/mno-hw-mul\libc.a(lib_a-stdio.o)
 .bss           0x0000000000008f7c        0x0 d:/quartus18_0/nios2eds/bin/gnu/h-x86_64-mingw32/bin/../lib/gcc/nios2-elf/5.3.0/../../../../../H-x86_64-mingw32/nios2-elf/lib/mno-hw-mul\libc.a(lib_a-writer.o)
 .bss           0x0000000000008f7c        0x0 d:/quartus18_0/nios2eds/bin/gnu/h-x86_64-mingw32/bin/../lib/gcc/nios2-elf/5.3.0/../../../../../H-x86_64-mingw32/nios2-elf/lib/mno-hw-mul\libc.a(lib_a-wsetup.o)
 .bss           0x0000000000008f7c        0x0 d:/quartus18_0/nios2eds/bin/gnu/h-x86_64-mingw32/bin/../lib/gcc/nios2-elf/5.3.0/../../../../../H-x86_64-mingw32/nios2-elf/lib/mno-hw-mul\libc.a(closer.o)
 .bss           0x0000000000008f7c        0x0 d:/quartus18_0/nios2eds/bin/gnu/h-x86_64-mingw32/bin/../lib/gcc/nios2-elf/5.3.0/../../../../../H-x86_64-mingw32/nios2-elf/lib/mno-hw-mul\libc.a(lib_a-fclose.o)
 .bss           0x0000000000008f7c        0x0 d:/quartus18_0/nios2eds/bin/gnu/h-x86_64-mingw32/bin/../lib/gcc/nios2-elf/5.3.0/../../../../../H-x86_64-mingw32/nios2-elf/lib/mno-hw-mul\libc.a(lib_a-fflush.o)
 .bss           0x0000000000008f7c        0x0 d:/quartus18_0/nios2eds/bin/gnu/h-x86_64-mingw32/bin/../lib/gcc/nios2-elf/5.3.0/../../../../../H-x86_64-mingw32/nios2-elf/lib/mno-hw-mul\libc.a(lib_a-freer.o)
 .bss           0x0000000000008f7c        0x0 d:/quartus18_0/nios2eds/bin/gnu/h-x86_64-mingw32/bin/../lib/gcc/nios2-elf/5.3.0/../../../../../H-x86_64-mingw32/nios2-elf/lib/mno-hw-mul\libc.a(lib_a-int_errno.o)
 .bss           0x0000000000008f7c        0x0 d:/quartus18_0/nios2eds/bin/gnu/h-x86_64-mingw32/bin/../lib/gcc/nios2-elf/5.3.0/../../../../../H-x86_64-mingw32/nios2-elf/lib/mno-hw-mul\libc.a(lib_a-lseekr.o)
 .bss           0x0000000000008f7c        0x0 d:/quartus18_0/nios2eds/bin/gnu/h-x86_64-mingw32/bin/../lib/gcc/nios2-elf/5.3.0/../../../../../H-x86_64-mingw32/nios2-elf/lib/mno-hw-mul\libc.a(lib_a-makebuf.o)
 .bss           0x0000000000008f7c        0x0 d:/quartus18_0/nios2eds/bin/gnu/h-x86_64-mingw32/bin/../lib/gcc/nios2-elf/5.3.0/../../../../../H-x86_64-mingw32/nios2-elf/lib/mno-hw-mul\libc.a(lib_a-readr.o)
 .bss           0x0000000000008f7c        0x0 d:/quartus18_0/nios2eds/bin/gnu/h-x86_64-mingw32/bin/../lib/gcc/nios2-elf/5.3.0/../../../../../H-x86_64-mingw32/nios2-elf/lib/mno-hw-mul\libc.a(lib_a-fstatr.o)
 .bss           0x0000000000008f7c        0x0 d:/quartus18_0/nios2eds/bin/gnu/h-x86_64-mingw32/bin/../lib/gcc/nios2-elf/5.3.0/../../../../../H-x86_64-mingw32/nios2-elf/lib/mno-hw-mul\libc.a(lib_a-isattyr.o)
 .bss           0x0000000000008f7c        0x0 d:/quartus18_0/nios2eds/bin/gnu/h-x86_64-mingw32/bin/../lib/gcc/nios2-elf/5.3.0/mno-hw-mul\libgcc.a(lib2-divmod.o)
 .bss           0x0000000000008f7c        0x0 d:/quartus18_0/nios2eds/bin/gnu/h-x86_64-mingw32/bin/../lib/gcc/nios2-elf/5.3.0/mno-hw-mul\libgcc.a(lib2-mul.o)
 .bss           0x0000000000008f7c        0x0 ../hal_bsp/\libhal_bsp.a(alt_close.o)
 .bss           0x0000000000008f7c        0x0 ../hal_bsp/\libhal_bsp.a(alt_dev.o)
 .bss           0x0000000000008f7c        0x0 ../hal_bsp/\libhal_bsp.a(alt_errno.o)
 .bss           0x0000000000008f7c        0x0 ../hal_bsp/\libhal_bsp.a(alt_fstat.o)
 .bss           0x0000000000008f7c        0x0 ../hal_bsp/\libhal_bsp.a(alt_isatty.o)
 .bss           0x0000000000008f7c        0x0 ../hal_bsp/\libhal_bsp.a(alt_load.o)
 .bss           0x0000000000008f7c        0x0 ../hal_bsp/\libhal_bsp.a(alt_lseek.o)
 .bss           0x0000000000008f7c        0x0 ../hal_bsp/\libhal_bsp.a(alt_main.o)
 .bss           0x0000000000008f7c        0x0 ../hal_bsp/\libhal_bsp.a(alt_malloc_lock.o)
 .bss           0x0000000000008f7c        0x0 ../hal_bsp/\libhal_bsp.a(alt_read.o)
 .bss           0x0000000000008f7c        0x0 ../hal_bsp/\libhal_bsp.a(alt_release_fd.o)
 .bss           0x0000000000008f7c        0x0 ../hal_bsp/\libhal_bsp.a(alt_sbrk.o)
 .bss           0x0000000000008f7c        0x0 ../hal_bsp/\libhal_bsp.a(alt_write.o)
 .bss           0x0000000000008f7c        0x0 ../hal_bsp/\libhal_bsp.a(alt_sys_init.o)
 .bss           0x0000000000008f7c        0x0 ../hal_bsp/\libhal_bsp.a(altera_avalon_jtag_uart_fd.o)
 .bss           0x0000000000008f7c        0x0 ../hal_bsp/\libhal_bsp.a(altera_avalon_jtag_uart_init.o)
 .bss           0x0000000000008f7c        0x0 ../hal_bsp/\libhal_bsp.a(altera_avalon_jtag_uart_ioctl.o)
 .bss           0x0000000000008f7c        0x0 ../hal_bsp/\libhal_bsp.a(altera_avalon_jtag_uart_read.o)
 .bss           0x0000000000008f7c        0x0 ../hal_bsp/\libhal_bsp.a(altera_avalon_jtag_uart_write.o)
 .bss           0x0000000000008f7c        0x0 ../hal_bsp/\libhal_bsp.a(alt_alarm_start.o)
 .bss           0x0000000000008f7c        0x0 ../hal_bsp/\libhal_bsp.a(alt_dcache_flush_all.o)
 .bss           0x0000000000008f7c        0x0 ../hal_bsp/\libhal_bsp.a(alt_dev_llist_insert.o)
 .bss           0x0000000000008f7c        0x0 ../hal_bsp/\libhal_bsp.a(alt_do_ctors.o)
 .bss           0x0000000000008f7c        0x0 ../hal_bsp/\libhal_bsp.a(alt_do_dtors.o)
 .bss           0x0000000000008f7c        0x0 ../hal_bsp/\libhal_bsp.a(alt_icache_flush_all.o)
 .bss           0x0000000000008f7c        0x0 ../hal_bsp/\libhal_bsp.a(alt_io_redirect.o)
 .bss           0x0000000000008f7c        0x0 ../hal_bsp/\libhal_bsp.a(alt_irq_register.o)
 .bss           0x0000000000008f7c        0x0 ../hal_bsp/\libhal_bsp.a(alt_irq_vars.o)
 .bss           0x0000000000008f7c        0x0 ../hal_bsp/\libhal_bsp.a(alt_open.o)
 .bss           0x0000000000008f7c        0x0 ../hal_bsp/\libhal_bsp.a(alt_tick.o)
 .bss           0x0000000000008f7c        0x0 ../hal_bsp/\libhal_bsp.a(altera_nios2_gen2_irq.o)
 .bss           0x0000000000008f7c        0x0 ../hal_bsp/\libhal_bsp.a(alt_find_dev.o)
 .bss           0x0000000000008f7c        0x0 ../hal_bsp/\libhal_bsp.a(alt_find_file.o)
 .bss           0x0000000000008f7c        0x0 ../hal_bsp/\libhal_bsp.a(alt_get_fd.o)
 .bss           0x0000000000008f7c        0x0 ../hal_bsp/\libhal_bsp.a(alt_irq_entry.o)
 .bss           0x0000000000008f7c        0x0 ../hal_bsp/\libhal_bsp.a(alt_irq_handler.o)
 .bss           0x0000000000008f7c        0x0 ../hal_bsp/\libhal_bsp.a(alt_exception_entry.o)
 .bss           0x0000000000008f7c        0x0 ../hal_bsp/\libhal_bsp.a(alt_instruction_exception_entry.o)
 .bss           0x0000000000008f7c        0x0 d:/quartus18_0/nios2eds/bin/gnu/h-x86_64-mingw32/bin/../lib/gcc/nios2-elf/5.3.0/../../../../../H-x86_64-mingw32/nios2-elf/lib/mno-hw-mul\libc.a(lib_a-atexit.o)
 .bss           0x0000000000008f7c        0x0 d:/quartus18_0/nios2eds/bin/gnu/h-x86_64-mingw32/bin/../lib/gcc/nios2-elf/5.3.0/../../../../../H-x86_64-mingw32/nios2-elf/lib/mno-hw-mul\libc.a(lib_a-exit.o)
 .bss           0x0000000000008f7c        0x0 d:/quartus18_0/nios2eds/bin/gnu/h-x86_64-mingw32/bin/../lib/gcc/nios2-elf/5.3.0/../../../../../H-x86_64-mingw32/nios2-elf/lib/mno-hw-mul\libc.a(lib_a-memcmp.o)
 .bss           0x0000000000008f7c        0x0 d:/quartus18_0/nios2eds/bin/gnu/h-x86_64-mingw32/bin/../lib/gcc/nios2-elf/5.3.0/../../../../../H-x86_64-mingw32/nios2-elf/lib/mno-hw-mul\libc.a(lib_a-__atexit.o)
 .bss           0x0000000000008f7c        0x0 d:/quartus18_0/nios2eds/bin/gnu/h-x86_64-mingw32/bin/../lib/gcc/nios2-elf/5.3.0/../../../../../H-x86_64-mingw32/nios2-elf/lib/mno-hw-mul\libc.a(lib_a-__call_atexit.o)
 .bss           0x0000000000008f7c        0x0 ../hal_bsp/\libhal_bsp.a(alt_exit.o)
 *(COMMON)
 COMMON         0x0000000000008f7c      0x100 ../hal_bsp/\libhal_bsp.a(alt_irq_handler.o)
                0x0000000000008f7c                alt_irq
                0x000000000000907c                . = ALIGN (0x4)
                0x000000000000907c                __bss_end = ABSOLUTE (.)

.onchip_memory2_0
                0x000000000000907c        0x0
                [!provide]                        PROVIDE (_alt_partition_onchip_memory2_0_start, ABSOLUTE (.))
 *(.onchip_memory2_0 .onchip_memory2_0. onchip_memory2_0.*)
                0x000000000000907c                . = ALIGN (0x4)
                [!provide]                        PROVIDE (_alt_partition_onchip_memory2_0_end, ABSOLUTE (.))
                0x000000000000907c                _end = ABSOLUTE (.)
                0x000000000000907c                end = ABSOLUTE (.)
                0x000000000000907c                __alt_stack_base = ABSOLUTE (.)
                [!provide]                        PROVIDE (_alt_partition_onchip_memory2_0_load_addr, LOADADDR (.onchip_memory2_0))

.new_sdram_controller_0
                0x0000000004000000        0x0 load address 0x000000000000907c
                [!provide]                        PROVIDE (_alt_partition_new_sdram_controller_0_start, ABSOLUTE (.))
 *(.new_sdram_controller_0 .new_sdram_controller_0. new_sdram_controller_0.*)
                0x0000000004000000                . = ALIGN (0x4)
                [!provide]                        PROVIDE (_alt_partition_new_sdram_controller_0_end, ABSOLUTE (.))
                [!provide]                        PROVIDE (_alt_partition_new_sdram_controller_0_load_addr, LOADADDR (.new_sdram_controller_0))

.stab
 *(.stab)

.stabstr
 *(.stabstr)

.stab.excl
 *(.stab.excl)

.stab.exclstr
 *(.stab.exclstr)

.stab.index
 *(.stab.index)

.stab.indexstr
 *(.stab.indexstr)

.comment        0x0000000000000000       0x23
 *(.comment)
 .comment       0x0000000000000000       0x23 obj/default/main.o
                                         0x24 (size before relaxing)
 .comment       0x0000000000000023       0x24 d:/quartus18_0/nios2eds/bin/gnu/h-x86_64-mingw32/bin/../lib/gcc/nios2-elf/5.3.0/../../../../../H-x86_64-mingw32/nios2-elf/lib/mno-hw-mul\libc.a(lib_a-puts.o)
 .comment       0x0000000000000023       0x24 d:/quartus18_0/nios2eds/bin/gnu/h-x86_64-mingw32/bin/../lib/gcc/nios2-elf/5.3.0/../../../../../H-x86_64-mingw32/nios2-elf/lib/mno-hw-mul\libc.a(lib_a-strlen.o)
 .comment       0x0000000000000023       0x24 d:/quartus18_0/nios2eds/bin/gnu/h-x86_64-mingw32/bin/../lib/gcc/nios2-elf/5.3.0/../../../../../H-x86_64-mingw32/nios2-elf/lib/mno-hw-mul\libc.a(lib_a-findfp.o)
 .comment       0x0000000000000023       0x24 d:/quartus18_0/nios2eds/bin/gnu/h-x86_64-mingw32/bin/../lib/gcc/nios2-elf/5.3.0/../../../../../H-x86_64-mingw32/nios2-elf/lib/mno-hw-mul\libc.a(lib_a-fvwrite.o)
 .comment       0x0000000000000023       0x24 d:/quartus18_0/nios2eds/bin/gnu/h-x86_64-mingw32/bin/../lib/gcc/nios2-elf/5.3.0/../../../../../H-x86_64-mingw32/nios2-elf/lib/mno-hw-mul\libc.a(lib_a-fwalk.o)
 .comment       0x0000000000000023       0x24 d:/quartus18_0/nios2eds/bin/gnu/h-x86_64-mingw32/bin/../lib/gcc/nios2-elf/5.3.0/../../../../../H-x86_64-mingw32/nios2-elf/lib/mno-hw-mul\libc.a(lib_a-impure.o)
 .comment       0x0000000000000023       0x24 d:/quartus18_0/nios2eds/bin/gnu/h-x86_64-mingw32/bin/../lib/gcc/nios2-elf/5.3.0/../../../../../H-x86_64-mingw32/nios2-elf/lib/mno-hw-mul\libc.a(lib_a-mallocr.o)
 .comment       0x0000000000000023       0x24 d:/quartus18_0/nios2eds/bin/gnu/h-x86_64-mingw32/bin/../lib/gcc/nios2-elf/5.3.0/../../../../../H-x86_64-mingw32/nios2-elf/lib/mno-hw-mul\libc.a(lib_a-memchr.o)
 .comment       0x0000000000000023       0x24 d:/quartus18_0/nios2eds/bin/gnu/h-x86_64-mingw32/bin/../lib/gcc/nios2-elf/5.3.0/../../../../../H-x86_64-mingw32/nios2-elf/lib/mno-hw-mul\libc.a(lib_a-memcpy.o)
 .comment       0x0000000000000023       0x24 d:/quartus18_0/nios2eds/bin/gnu/h-x86_64-mingw32/bin/../lib/gcc/nios2-elf/5.3.0/../../../../../H-x86_64-mingw32/nios2-elf/lib/mno-hw-mul\libc.a(lib_a-memmove.o)
 .comment       0x0000000000000023       0x24 d:/quartus18_0/nios2eds/bin/gnu/h-x86_64-mingw32/bin/../lib/gcc/nios2-elf/5.3.0/../../../../../H-x86_64-mingw32/nios2-elf/lib/mno-hw-mul\libc.a(lib_a-memset.o)
 .comment       0x0000000000000023       0x24 d:/quartus18_0/nios2eds/bin/gnu/h-x86_64-mingw32/bin/../lib/gcc/nios2-elf/5.3.0/../../../../../H-x86_64-mingw32/nios2-elf/lib/mno-hw-mul\libc.a(lib_a-reallocr.o)
 .comment       0x0000000000000023       0x24 d:/quartus18_0/nios2eds/bin/gnu/h-x86_64-mingw32/bin/../lib/gcc/nios2-elf/5.3.0/../../../../../H-x86_64-mingw32/nios2-elf/lib/mno-hw-mul\libc.a(lib_a-sbrkr.o)
 .comment       0x0000000000000023       0x24 d:/quartus18_0/nios2eds/bin/gnu/h-x86_64-mingw32/bin/../lib/gcc/nios2-elf/5.3.0/../../../../../H-x86_64-mingw32/nios2-elf/lib/mno-hw-mul\libc.a(lib_a-stdio.o)
 .comment       0x0000000000000023       0x24 d:/quartus18_0/nios2eds/bin/gnu/h-x86_64-mingw32/bin/../lib/gcc/nios2-elf/5.3.0/../../../../../H-x86_64-mingw32/nios2-elf/lib/mno-hw-mul\libc.a(lib_a-writer.o)
 .comment       0x0000000000000023       0x24 d:/quartus18_0/nios2eds/bin/gnu/h-x86_64-mingw32/bin/../lib/gcc/nios2-elf/5.3.0/../../../../../H-x86_64-mingw32/nios2-elf/lib/mno-hw-mul\libc.a(lib_a-wsetup.o)
 .comment       0x0000000000000023       0x24 d:/quartus18_0/nios2eds/bin/gnu/h-x86_64-mingw32/bin/../lib/gcc/nios2-elf/5.3.0/../../../../../H-x86_64-mingw32/nios2-elf/lib/mno-hw-mul\libc.a(closer.o)
 .comment       0x0000000000000023       0x24 d:/quartus18_0/nios2eds/bin/gnu/h-x86_64-mingw32/bin/../lib/gcc/nios2-elf/5.3.0/../../../../../H-x86_64-mingw32/nios2-elf/lib/mno-hw-mul\libc.a(lib_a-fclose.o)
 .comment       0x0000000000000023       0x24 d:/quartus18_0/nios2eds/bin/gnu/h-x86_64-mingw32/bin/../lib/gcc/nios2-elf/5.3.0/../../../../../H-x86_64-mingw32/nios2-elf/lib/mno-hw-mul\libc.a(lib_a-fflush.o)
 .comment       0x0000000000000023       0x24 d:/quartus18_0/nios2eds/bin/gnu/h-x86_64-mingw32/bin/../lib/gcc/nios2-elf/5.3.0/../../../../../H-x86_64-mingw32/nios2-elf/lib/mno-hw-mul\libc.a(lib_a-freer.o)
 .comment       0x0000000000000023       0x24 d:/quartus18_0/nios2eds/bin/gnu/h-x86_64-mingw32/bin/../lib/gcc/nios2-elf/5.3.0/../../../../../H-x86_64-mingw32/nios2-elf/lib/mno-hw-mul\libc.a(lib_a-int_errno.o)
 .comment       0x0000000000000023       0x24 d:/quartus18_0/nios2eds/bin/gnu/h-x86_64-mingw32/bin/../lib/gcc/nios2-elf/5.3.0/../../../../../H-x86_64-mingw32/nios2-elf/lib/mno-hw-mul\libc.a(lib_a-lseekr.o)
 .comment       0x0000000000000023       0x24 d:/quartus18_0/nios2eds/bin/gnu/h-x86_64-mingw32/bin/../lib/gcc/nios2-elf/5.3.0/../../../../../H-x86_64-mingw32/nios2-elf/lib/mno-hw-mul\libc.a(lib_a-makebuf.o)
 .comment       0x0000000000000023       0x24 d:/quartus18_0/nios2eds/bin/gnu/h-x86_64-mingw32/bin/../lib/gcc/nios2-elf/5.3.0/../../../../../H-x86_64-mingw32/nios2-elf/lib/mno-hw-mul\libc.a(lib_a-readr.o)
 .comment       0x0000000000000023       0x24 d:/quartus18_0/nios2eds/bin/gnu/h-x86_64-mingw32/bin/../lib/gcc/nios2-elf/5.3.0/../../../../../H-x86_64-mingw32/nios2-elf/lib/mno-hw-mul\libc.a(lib_a-fstatr.o)
 .comment       0x0000000000000023       0x24 d:/quartus18_0/nios2eds/bin/gnu/h-x86_64-mingw32/bin/../lib/gcc/nios2-elf/5.3.0/../../../../../H-x86_64-mingw32/nios2-elf/lib/mno-hw-mul\libc.a(lib_a-isattyr.o)
 .comment       0x0000000000000023       0x24 d:/quartus18_0/nios2eds/bin/gnu/h-x86_64-mingw32/bin/../lib/gcc/nios2-elf/5.3.0/mno-hw-mul\libgcc.a(lib2-divmod.o)
 .comment       0x0000000000000023       0x24 d:/quartus18_0/nios2eds/bin/gnu/h-x86_64-mingw32/bin/../lib/gcc/nios2-elf/5.3.0/mno-hw-mul\libgcc.a(lib2-mul.o)
 .comment       0x0000000000000023       0x24 ../hal_bsp/\libhal_bsp.a(alt_close.o)
 .comment       0x0000000000000023       0x24 ../hal_bsp/\libhal_bsp.a(alt_dev.o)
 .comment       0x0000000000000023       0x24 ../hal_bsp/\libhal_bsp.a(alt_errno.o)
 .comment       0x0000000000000023       0x24 ../hal_bsp/\libhal_bsp.a(alt_fstat.o)
 .comment       0x0000000000000023       0x24 ../hal_bsp/\libhal_bsp.a(alt_isatty.o)
 .comment       0x0000000000000023       0x24 ../hal_bsp/\libhal_bsp.a(alt_load.o)
 .comment       0x0000000000000023       0x24 ../hal_bsp/\libhal_bsp.a(alt_lseek.o)
 .comment       0x0000000000000023       0x24 ../hal_bsp/\libhal_bsp.a(alt_main.o)
 .comment       0x0000000000000023       0x24 ../hal_bsp/\libhal_bsp.a(alt_malloc_lock.o)
 .comment       0x0000000000000023       0x24 ../hal_bsp/\libhal_bsp.a(alt_read.o)
 .comment       0x0000000000000023       0x24 ../hal_bsp/\libhal_bsp.a(alt_release_fd.o)
 .comment       0x0000000000000023       0x24 ../hal_bsp/\libhal_bsp.a(alt_sbrk.o)
 .comment       0x0000000000000023       0x24 ../hal_bsp/\libhal_bsp.a(alt_write.o)
 .comment       0x0000000000000023       0x24 ../hal_bsp/\libhal_bsp.a(alt_sys_init.o)
 .comment       0x0000000000000023       0x24 ../hal_bsp/\libhal_bsp.a(altera_avalon_jtag_uart_fd.o)
 .comment       0x0000000000000023       0x24 ../hal_bsp/\libhal_bsp.a(altera_avalon_jtag_uart_init.o)
 .comment       0x0000000000000023       0x24 ../hal_bsp/\libhal_bsp.a(altera_avalon_jtag_uart_ioctl.o)
 .comment       0x0000000000000023       0x24 ../hal_bsp/\libhal_bsp.a(altera_avalon_jtag_uart_read.o)
 .comment       0x0000000000000023       0x24 ../hal_bsp/\libhal_bsp.a(altera_avalon_jtag_uart_write.o)
 .comment       0x0000000000000023       0x24 ../hal_bsp/\libhal_bsp.a(alt_alarm_start.o)
 .comment       0x0000000000000023       0x24 ../hal_bsp/\libhal_bsp.a(alt_dcache_flush_all.o)
 .comment       0x0000000000000023       0x24 ../hal_bsp/\libhal_bsp.a(alt_dev_llist_insert.o)
 .comment       0x0000000000000023       0x24 ../hal_bsp/\libhal_bsp.a(alt_do_ctors.o)
 .comment       0x0000000000000023       0x24 ../hal_bsp/\libhal_bsp.a(alt_do_dtors.o)
 .comment       0x0000000000000023       0x24 ../hal_bsp/\libhal_bsp.a(alt_icache_flush_all.o)
 .comment       0x0000000000000023       0x24 ../hal_bsp/\libhal_bsp.a(alt_io_redirect.o)
 .comment       0x0000000000000023       0x24 ../hal_bsp/\libhal_bsp.a(alt_irq_register.o)
 .comment       0x0000000000000023       0x24 ../hal_bsp/\libhal_bsp.a(alt_irq_vars.o)
 .comment       0x0000000000000023       0x24 ../hal_bsp/\libhal_bsp.a(alt_open.o)
 .comment       0x0000000000000023       0x24 ../hal_bsp/\libhal_bsp.a(alt_tick.o)
 .comment       0x0000000000000023       0x24 ../hal_bsp/\libhal_bsp.a(altera_nios2_gen2_irq.o)
 .comment       0x0000000000000023       0x24 ../hal_bsp/\libhal_bsp.a(alt_find_dev.o)
 .comment       0x0000000000000023       0x24 ../hal_bsp/\libhal_bsp.a(alt_find_file.o)
 .comment       0x0000000000000023       0x24 ../hal_bsp/\libhal_bsp.a(alt_get_fd.o)
 .comment       0x0000000000000023       0x24 ../hal_bsp/\libhal_bsp.a(alt_irq_handler.o)
 .comment       0x0000000000000023       0x24 ../hal_bsp/\libhal_bsp.a(alt_instruction_exception_entry.o)
 .comment       0x0000000000000023       0x24 d:/quartus18_0/nios2eds/bin/gnu/h-x86_64-mingw32/bin/../lib/gcc/nios2-elf/5.3.0/../../../../../H-x86_64-mingw32/nios2-elf/lib/mno-hw-mul\libc.a(lib_a-atexit.o)
 .comment       0x0000000000000023       0x24 d:/quartus18_0/nios2eds/bin/gnu/h-x86_64-mingw32/bin/../lib/gcc/nios2-elf/5.3.0/../../../../../H-x86_64-mingw32/nios2-elf/lib/mno-hw-mul\libc.a(lib_a-exit.o)
 .comment       0x0000000000000023       0x24 d:/quartus18_0/nios2eds/bin/gnu/h-x86_64-mingw32/bin/../lib/gcc/nios2-elf/5.3.0/../../../../../H-x86_64-mingw32/nios2-elf/lib/mno-hw-mul\libc.a(lib_a-memcmp.o)
 .comment       0x0000000000000023       0x24 d:/quartus18_0/nios2eds/bin/gnu/h-x86_64-mingw32/bin/../lib/gcc/nios2-elf/5.3.0/../../../../../H-x86_64-mingw32/nios2-elf/lib/mno-hw-mul\libc.a(lib_a-__atexit.o)
 .comment       0x0000000000000023       0x24 d:/quartus18_0/nios2eds/bin/gnu/h-x86_64-mingw32/bin/../lib/gcc/nios2-elf/5.3.0/../../../../../H-x86_64-mingw32/nios2-elf/lib/mno-hw-mul\libc.a(lib_a-__call_atexit.o)
 .comment       0x0000000000000023       0x24 ../hal_bsp/\libhal_bsp.a(alt_exit.o)

.debug
 *(.debug)

.line
 *(.line)

.debug_srcinfo
 *(.debug_srcinfo)

.debug_sfnames
 *(.debug_sfnames)

.debug_aranges  0x0000000000000000      0x9f0
 *(.debug_aranges)
 .debug_aranges
                0x0000000000000000       0x28 ../hal_bsp//obj/HAL/src/crt0.o
 .debug_aranges
                0x0000000000000028       0x20 obj/default/main.o
 .debug_aranges
                0x0000000000000048       0x28 d:/quartus18_0/nios2eds/bin/gnu/h-x86_64-mingw32/bin/../lib/gcc/nios2-elf/5.3.0/../../../../../H-x86_64-mingw32/nios2-elf/lib/mno-hw-mul\libc.a(lib_a-puts.o)
 .debug_aranges
                0x0000000000000070       0x20 d:/quartus18_0/nios2eds/bin/gnu/h-x86_64-mingw32/bin/../lib/gcc/nios2-elf/5.3.0/../../../../../H-x86_64-mingw32/nios2-elf/lib/mno-hw-mul\libc.a(lib_a-strlen.o)
 .debug_aranges
                0x0000000000000090       0x68 d:/quartus18_0/nios2eds/bin/gnu/h-x86_64-mingw32/bin/../lib/gcc/nios2-elf/5.3.0/../../../../../H-x86_64-mingw32/nios2-elf/lib/mno-hw-mul\libc.a(lib_a-findfp.o)
 .debug_aranges
                0x00000000000000f8       0x20 d:/quartus18_0/nios2eds/bin/gnu/h-x86_64-mingw32/bin/../lib/gcc/nios2-elf/5.3.0/../../../../../H-x86_64-mingw32/nios2-elf/lib/mno-hw-mul\libc.a(lib_a-fvwrite.o)
 .debug_aranges
                0x0000000000000118       0x28 d:/quartus18_0/nios2eds/bin/gnu/h-x86_64-mingw32/bin/../lib/gcc/nios2-elf/5.3.0/../../../../../H-x86_64-mingw32/nios2-elf/lib/mno-hw-mul\libc.a(lib_a-fwalk.o)
 .debug_aranges
                0x0000000000000140       0x18 d:/quartus18_0/nios2eds/bin/gnu/h-x86_64-mingw32/bin/../lib/gcc/nios2-elf/5.3.0/../../../../../H-x86_64-mingw32/nios2-elf/lib/mno-hw-mul\libc.a(lib_a-impure.o)
 .debug_aranges
                0x0000000000000158       0x20 d:/quartus18_0/nios2eds/bin/gnu/h-x86_64-mingw32/bin/../lib/gcc/nios2-elf/5.3.0/../../../../../H-x86_64-mingw32/nios2-elf/lib/mno-hw-mul\libc.a(lib_a-mallocr.o)
 .debug_aranges
                0x0000000000000178       0x20 d:/quartus18_0/nios2eds/bin/gnu/h-x86_64-mingw32/bin/../lib/gcc/nios2-elf/5.3.0/../../../../../H-x86_64-mingw32/nios2-elf/lib/mno-hw-mul\libc.a(lib_a-memchr.o)
 .debug_aranges
                0x0000000000000198       0x20 d:/quartus18_0/nios2eds/bin/gnu/h-x86_64-mingw32/bin/../lib/gcc/nios2-elf/5.3.0/../../../../../H-x86_64-mingw32/nios2-elf/lib/mno-hw-mul\libc.a(lib_a-memcpy.o)
 .debug_aranges
                0x00000000000001b8       0x20 d:/quartus18_0/nios2eds/bin/gnu/h-x86_64-mingw32/bin/../lib/gcc/nios2-elf/5.3.0/../../../../../H-x86_64-mingw32/nios2-elf/lib/mno-hw-mul\libc.a(lib_a-memmove.o)
 .debug_aranges
                0x00000000000001d8       0x20 d:/quartus18_0/nios2eds/bin/gnu/h-x86_64-mingw32/bin/../lib/gcc/nios2-elf/5.3.0/../../../../../H-x86_64-mingw32/nios2-elf/lib/mno-hw-mul\libc.a(lib_a-memset.o)
 .debug_aranges
                0x00000000000001f8       0x20 d:/quartus18_0/nios2eds/bin/gnu/h-x86_64-mingw32/bin/../lib/gcc/nios2-elf/5.3.0/../../../../../H-x86_64-mingw32/nios2-elf/lib/mno-hw-mul\libc.a(lib_a-reallocr.o)
 .debug_aranges
                0x0000000000000218       0x20 d:/quartus18_0/nios2eds/bin/gnu/h-x86_64-mingw32/bin/../lib/gcc/nios2-elf/5.3.0/../../../../../H-x86_64-mingw32/nios2-elf/lib/mno-hw-mul\libc.a(lib_a-sbrkr.o)
 .debug_aranges
                0x0000000000000238       0x40 d:/quartus18_0/nios2eds/bin/gnu/h-x86_64-mingw32/bin/../lib/gcc/nios2-elf/5.3.0/../../../../../H-x86_64-mingw32/nios2-elf/lib/mno-hw-mul\libc.a(lib_a-stdio.o)
 .debug_aranges
                0x0000000000000278       0x20 d:/quartus18_0/nios2eds/bin/gnu/h-x86_64-mingw32/bin/../lib/gcc/nios2-elf/5.3.0/../../../../../H-x86_64-mingw32/nios2-elf/lib/mno-hw-mul\libc.a(lib_a-writer.o)
 .debug_aranges
                0x0000000000000298       0x20 d:/quartus18_0/nios2eds/bin/gnu/h-x86_64-mingw32/bin/../lib/gcc/nios2-elf/5.3.0/../../../../../H-x86_64-mingw32/nios2-elf/lib/mno-hw-mul\libc.a(lib_a-wsetup.o)
 .debug_aranges
                0x00000000000002b8       0x20 d:/quartus18_0/nios2eds/bin/gnu/h-x86_64-mingw32/bin/../lib/gcc/nios2-elf/5.3.0/../../../../../H-x86_64-mingw32/nios2-elf/lib/mno-hw-mul\libc.a(closer.o)
 .debug_aranges
                0x00000000000002d8       0x28 d:/quartus18_0/nios2eds/bin/gnu/h-x86_64-mingw32/bin/../lib/gcc/nios2-elf/5.3.0/../../../../../H-x86_64-mingw32/nios2-elf/lib/mno-hw-mul\libc.a(lib_a-fclose.o)
 .debug_aranges
                0x0000000000000300       0x30 d:/quartus18_0/nios2eds/bin/gnu/h-x86_64-mingw32/bin/../lib/gcc/nios2-elf/5.3.0/../../../../../H-x86_64-mingw32/nios2-elf/lib/mno-hw-mul\libc.a(lib_a-fflush.o)
 .debug_aranges
                0x0000000000000330       0x28 d:/quartus18_0/nios2eds/bin/gnu/h-x86_64-mingw32/bin/../lib/gcc/nios2-elf/5.3.0/../../../../../H-x86_64-mingw32/nios2-elf/lib/mno-hw-mul\libc.a(lib_a-freer.o)
 .debug_aranges
                0x0000000000000358       0x18 d:/quartus18_0/nios2eds/bin/gnu/h-x86_64-mingw32/bin/../lib/gcc/nios2-elf/5.3.0/../../../../../H-x86_64-mingw32/nios2-elf/lib/mno-hw-mul\libc.a(lib_a-int_errno.o)
 .debug_aranges
                0x0000000000000370       0x20 d:/quartus18_0/nios2eds/bin/gnu/h-x86_64-mingw32/bin/../lib/gcc/nios2-elf/5.3.0/../../../../../H-x86_64-mingw32/nios2-elf/lib/mno-hw-mul\libc.a(lib_a-lseekr.o)
 .debug_aranges
                0x0000000000000390       0x20 d:/quartus18_0/nios2eds/bin/gnu/h-x86_64-mingw32/bin/../lib/gcc/nios2-elf/5.3.0/../../../../../H-x86_64-mingw32/nios2-elf/lib/mno-hw-mul\libc.a(lib_a-makebuf.o)
 .debug_aranges
                0x00000000000003b0       0x20 d:/quartus18_0/nios2eds/bin/gnu/h-x86_64-mingw32/bin/../lib/gcc/nios2-elf/5.3.0/../../../../../H-x86_64-mingw32/nios2-elf/lib/mno-hw-mul\libc.a(lib_a-readr.o)
 .debug_aranges
                0x00000000000003d0       0x20 d:/quartus18_0/nios2eds/bin/gnu/h-x86_64-mingw32/bin/../lib/gcc/nios2-elf/5.3.0/../../../../../H-x86_64-mingw32/nios2-elf/lib/mno-hw-mul\libc.a(lib_a-fstatr.o)
 .debug_aranges
                0x00000000000003f0       0x20 d:/quartus18_0/nios2eds/bin/gnu/h-x86_64-mingw32/bin/../lib/gcc/nios2-elf/5.3.0/../../../../../H-x86_64-mingw32/nios2-elf/lib/mno-hw-mul\libc.a(lib_a-isattyr.o)
 .debug_aranges
                0x0000000000000410       0x20 d:/quartus18_0/nios2eds/bin/gnu/h-x86_64-mingw32/bin/../lib/gcc/nios2-elf/5.3.0/mno-hw-mul\libgcc.a(lib2-divmod.o)
 .debug_aranges
                0x0000000000000430       0x20 d:/quartus18_0/nios2eds/bin/gnu/h-x86_64-mingw32/bin/../lib/gcc/nios2-elf/5.3.0/mno-hw-mul\libgcc.a(lib2-mul.o)
 .debug_aranges
                0x0000000000000450       0x20 ../hal_bsp/\libhal_bsp.a(alt_close.o)
 .debug_aranges
                0x0000000000000470       0x20 ../hal_bsp/\libhal_bsp.a(alt_dev.o)
 .debug_aranges
                0x0000000000000490       0x18 ../hal_bsp/\libhal_bsp.a(alt_errno.o)
 .debug_aranges
                0x00000000000004a8       0x20 ../hal_bsp/\libhal_bsp.a(alt_fstat.o)
 .debug_aranges
                0x00000000000004c8       0x20 ../hal_bsp/\libhal_bsp.a(alt_isatty.o)
 .debug_aranges
                0x00000000000004e8       0x20 ../hal_bsp/\libhal_bsp.a(alt_load.o)
 .debug_aranges
                0x0000000000000508       0x20 ../hal_bsp/\libhal_bsp.a(alt_lseek.o)
 .debug_aranges
                0x0000000000000528       0x20 ../hal_bsp/\libhal_bsp.a(alt_main.o)
 .debug_aranges
                0x0000000000000548       0x20 ../hal_bsp/\libhal_bsp.a(alt_malloc_lock.o)
 .debug_aranges
                0x0000000000000568       0x20 ../hal_bsp/\libhal_bsp.a(alt_read.o)
 .debug_aranges
                0x0000000000000588       0x20 ../hal_bsp/\libhal_bsp.a(alt_release_fd.o)
 .debug_aranges
                0x00000000000005a8       0x20 ../hal_bsp/\libhal_bsp.a(alt_sbrk.o)
 .debug_aranges
                0x00000000000005c8       0x20 ../hal_bsp/\libhal_bsp.a(alt_write.o)
 .debug_aranges
                0x00000000000005e8       0x20 ../hal_bsp/\libhal_bsp.a(alt_sys_init.o)
 .debug_aranges
                0x0000000000000608       0x20 ../hal_bsp/\libhal_bsp.a(altera_avalon_jtag_uart_fd.o)
 .debug_aranges
                0x0000000000000628       0x20 ../hal_bsp/\libhal_bsp.a(altera_avalon_jtag_uart_init.o)
 .debug_aranges
                0x0000000000000648       0x20 ../hal_bsp/\libhal_bsp.a(altera_avalon_jtag_uart_ioctl.o)
 .debug_aranges
                0x0000000000000668       0x20 ../hal_bsp/\libhal_bsp.a(altera_avalon_jtag_uart_read.o)
 .debug_aranges
                0x0000000000000688       0x20 ../hal_bsp/\libhal_bsp.a(altera_avalon_jtag_uart_write.o)
 .debug_aranges
                0x00000000000006a8       0x20 ../hal_bsp/\libhal_bsp.a(alt_alarm_start.o)
 .debug_aranges
                0x00000000000006c8       0x20 ../hal_bsp/\libhal_bsp.a(alt_dcache_flush_all.o)
 .debug_aranges
                0x00000000000006e8       0x20 ../hal_bsp/\libhal_bsp.a(alt_dev_llist_insert.o)
 .debug_aranges
                0x0000000000000708       0x20 ../hal_bsp/\libhal_bsp.a(alt_do_ctors.o)
 .debug_aranges
                0x0000000000000728       0x20 ../hal_bsp/\libhal_bsp.a(alt_do_dtors.o)
 .debug_aranges
                0x0000000000000748       0x20 ../hal_bsp/\libhal_bsp.a(alt_icache_flush_all.o)
 .debug_aranges
                0x0000000000000768       0x20 ../hal_bsp/\libhal_bsp.a(alt_io_redirect.o)
 .debug_aranges
                0x0000000000000788       0x20 ../hal_bsp/\libhal_bsp.a(alt_irq_register.o)
 .debug_aranges
                0x00000000000007a8       0x18 ../hal_bsp/\libhal_bsp.a(alt_irq_vars.o)
 .debug_aranges
                0x00000000000007c0       0x20 ../hal_bsp/\libhal_bsp.a(alt_open.o)
 .debug_aranges
                0x00000000000007e0       0x20 ../hal_bsp/\libhal_bsp.a(alt_tick.o)
 .debug_aranges
                0x0000000000000800       0x20 ../hal_bsp/\libhal_bsp.a(altera_nios2_gen2_irq.o)
 .debug_aranges
                0x0000000000000820       0x20 ../hal_bsp/\libhal_bsp.a(alt_find_dev.o)
 .debug_aranges
                0x0000000000000840       0x20 ../hal_bsp/\libhal_bsp.a(alt_find_file.o)
 .debug_aranges
                0x0000000000000860       0x20 ../hal_bsp/\libhal_bsp.a(alt_get_fd.o)
 .debug_aranges
                0x0000000000000880       0x30 ../hal_bsp/\libhal_bsp.a(alt_irq_entry.o)
 .debug_aranges
                0x00000000000008b0       0x20 ../hal_bsp/\libhal_bsp.a(alt_irq_handler.o)
 .debug_aranges
                0x00000000000008d0       0x38 ../hal_bsp/\libhal_bsp.a(alt_exception_entry.o)
 .debug_aranges
                0x0000000000000908       0x28 ../hal_bsp/\libhal_bsp.a(alt_instruction_exception_entry.o)
 .debug_aranges
                0x0000000000000930       0x20 d:/quartus18_0/nios2eds/bin/gnu/h-x86_64-mingw32/bin/../lib/gcc/nios2-elf/5.3.0/../../../../../H-x86_64-mingw32/nios2-elf/lib/mno-hw-mul\libc.a(lib_a-atexit.o)
 .debug_aranges
                0x0000000000000950       0x20 d:/quartus18_0/nios2eds/bin/gnu/h-x86_64-mingw32/bin/../lib/gcc/nios2-elf/5.3.0/../../../../../H-x86_64-mingw32/nios2-elf/lib/mno-hw-mul\libc.a(lib_a-exit.o)
 .debug_aranges
                0x0000000000000970       0x20 d:/quartus18_0/nios2eds/bin/gnu/h-x86_64-mingw32/bin/../lib/gcc/nios2-elf/5.3.0/../../../../../H-x86_64-mingw32/nios2-elf/lib/mno-hw-mul\libc.a(lib_a-memcmp.o)
 .debug_aranges
                0x0000000000000990       0x20 d:/quartus18_0/nios2eds/bin/gnu/h-x86_64-mingw32/bin/../lib/gcc/nios2-elf/5.3.0/../../../../../H-x86_64-mingw32/nios2-elf/lib/mno-hw-mul\libc.a(lib_a-__atexit.o)
 .debug_aranges
                0x00000000000009b0       0x20 d:/quartus18_0/nios2eds/bin/gnu/h-x86_64-mingw32/bin/../lib/gcc/nios2-elf/5.3.0/../../../../../H-x86_64-mingw32/nios2-elf/lib/mno-hw-mul\libc.a(lib_a-__call_atexit.o)
 .debug_aranges
                0x00000000000009d0       0x20 ../hal_bsp/\libhal_bsp.a(alt_exit.o)

.debug_pubnames
 *(.debug_pubnames)

.debug_info     0x0000000000000000    0x162f6
 *(.debug_info .gnu.linkonce.wi.*)
 .debug_info    0x0000000000000000       0x76 ../hal_bsp//obj/HAL/src/crt0.o
 .debug_info    0x0000000000000076       0x96 obj/default/main.o
 .debug_info    0x000000000000010c      0xa38 d:/quartus18_0/nios2eds/bin/gnu/h-x86_64-mingw32/bin/../lib/gcc/nios2-elf/5.3.0/../../../../../H-x86_64-mingw32/nios2-elf/lib/mno-hw-mul\libc.a(lib_a-puts.o)
 .debug_info    0x0000000000000b44       0xe2 d:/quartus18_0/nios2eds/bin/gnu/h-x86_64-mingw32/bin/../lib/gcc/nios2-elf/5.3.0/../../../../../H-x86_64-mingw32/nios2-elf/lib/mno-hw-mul\libc.a(lib_a-strlen.o)
 .debug_info    0x0000000000000c26      0xd36 d:/quartus18_0/nios2eds/bin/gnu/h-x86_64-mingw32/bin/../lib/gcc/nios2-elf/5.3.0/../../../../../H-x86_64-mingw32/nios2-elf/lib/mno-hw-mul\libc.a(lib_a-findfp.o)
 .debug_info    0x000000000000195c      0xbb8 d:/quartus18_0/nios2eds/bin/gnu/h-x86_64-mingw32/bin/../lib/gcc/nios2-elf/5.3.0/../../../../../H-x86_64-mingw32/nios2-elf/lib/mno-hw-mul\libc.a(lib_a-fvwrite.o)
 .debug_info    0x0000000000002514      0x9b0 d:/quartus18_0/nios2eds/bin/gnu/h-x86_64-mingw32/bin/../lib/gcc/nios2-elf/5.3.0/../../../../../H-x86_64-mingw32/nios2-elf/lib/mno-hw-mul\libc.a(lib_a-fwalk.o)
 .debug_info    0x0000000000002ec4      0x8a1 d:/quartus18_0/nios2eds/bin/gnu/h-x86_64-mingw32/bin/../lib/gcc/nios2-elf/5.3.0/../../../../../H-x86_64-mingw32/nios2-elf/lib/mno-hw-mul\libc.a(lib_a-impure.o)
 .debug_info    0x0000000000003765      0xd57 d:/quartus18_0/nios2eds/bin/gnu/h-x86_64-mingw32/bin/../lib/gcc/nios2-elf/5.3.0/../../../../../H-x86_64-mingw32/nios2-elf/lib/mno-hw-mul\libc.a(lib_a-mallocr.o)
 .debug_info    0x00000000000044bc      0x132 d:/quartus18_0/nios2eds/bin/gnu/h-x86_64-mingw32/bin/../lib/gcc/nios2-elf/5.3.0/../../../../../H-x86_64-mingw32/nios2-elf/lib/mno-hw-mul\libc.a(lib_a-memchr.o)
 .debug_info    0x00000000000045ee      0x144 d:/quartus18_0/nios2eds/bin/gnu/h-x86_64-mingw32/bin/../lib/gcc/nios2-elf/5.3.0/../../../../../H-x86_64-mingw32/nios2-elf/lib/mno-hw-mul\libc.a(lib_a-memcpy.o)
 .debug_info    0x0000000000004732      0x13a d:/quartus18_0/nios2eds/bin/gnu/h-x86_64-mingw32/bin/../lib/gcc/nios2-elf/5.3.0/../../../../../H-x86_64-mingw32/nios2-elf/lib/mno-hw-mul\libc.a(lib_a-memmove.o)
 .debug_info    0x000000000000486c      0x121 d:/quartus18_0/nios2eds/bin/gnu/h-x86_64-mingw32/bin/../lib/gcc/nios2-elf/5.3.0/../../../../../H-x86_64-mingw32/nios2-elf/lib/mno-hw-mul\libc.a(lib_a-memset.o)
 .debug_info    0x000000000000498d      0xc6b d:/quartus18_0/nios2eds/bin/gnu/h-x86_64-mingw32/bin/../lib/gcc/nios2-elf/5.3.0/../../../../../H-x86_64-mingw32/nios2-elf/lib/mno-hw-mul\libc.a(lib_a-reallocr.o)
 .debug_info    0x00000000000055f8      0x900 d:/quartus18_0/nios2eds/bin/gnu/h-x86_64-mingw32/bin/../lib/gcc/nios2-elf/5.3.0/../../../../../H-x86_64-mingw32/nios2-elf/lib/mno-hw-mul\libc.a(lib_a-sbrkr.o)
 .debug_info    0x0000000000005ef8      0xb32 d:/quartus18_0/nios2eds/bin/gnu/h-x86_64-mingw32/bin/../lib/gcc/nios2-elf/5.3.0/../../../../../H-x86_64-mingw32/nios2-elf/lib/mno-hw-mul\libc.a(lib_a-stdio.o)
 .debug_info    0x0000000000006a2a      0x928 d:/quartus18_0/nios2eds/bin/gnu/h-x86_64-mingw32/bin/../lib/gcc/nios2-elf/5.3.0/../../../../../H-x86_64-mingw32/nios2-elf/lib/mno-hw-mul\libc.a(lib_a-writer.o)
 .debug_info    0x0000000000007352      0x936 d:/quartus18_0/nios2eds/bin/gnu/h-x86_64-mingw32/bin/../lib/gcc/nios2-elf/5.3.0/../../../../../H-x86_64-mingw32/nios2-elf/lib/mno-hw-mul\libc.a(lib_a-wsetup.o)
 .debug_info    0x0000000000007c88      0x8df d:/quartus18_0/nios2eds/bin/gnu/h-x86_64-mingw32/bin/../lib/gcc/nios2-elf/5.3.0/../../../../../H-x86_64-mingw32/nios2-elf/lib/mno-hw-mul\libc.a(closer.o)
 .debug_info    0x0000000000008567      0xa23 d:/quartus18_0/nios2eds/bin/gnu/h-x86_64-mingw32/bin/../lib/gcc/nios2-elf/5.3.0/../../../../../H-x86_64-mingw32/nios2-elf/lib/mno-hw-mul\libc.a(lib_a-fclose.o)
 .debug_info    0x0000000000008f8a      0xa93 d:/quartus18_0/nios2eds/bin/gnu/h-x86_64-mingw32/bin/../lib/gcc/nios2-elf/5.3.0/../../../../../H-x86_64-mingw32/nios2-elf/lib/mno-hw-mul\libc.a(lib_a-fflush.o)
 .debug_info    0x0000000000009a1d      0xbf7 d:/quartus18_0/nios2eds/bin/gnu/h-x86_64-mingw32/bin/../lib/gcc/nios2-elf/5.3.0/../../../../../H-x86_64-mingw32/nios2-elf/lib/mno-hw-mul\libc.a(lib_a-freer.o)
 .debug_info    0x000000000000a614       0x8a d:/quartus18_0/nios2eds/bin/gnu/h-x86_64-mingw32/bin/../lib/gcc/nios2-elf/5.3.0/../../../../../H-x86_64-mingw32/nios2-elf/lib/mno-hw-mul\libc.a(lib_a-int_errno.o)
 .debug_info    0x000000000000a69e      0x90b d:/quartus18_0/nios2eds/bin/gnu/h-x86_64-mingw32/bin/../lib/gcc/nios2-elf/5.3.0/../../../../../H-x86_64-mingw32/nios2-elf/lib/mno-hw-mul\libc.a(lib_a-lseekr.o)
 .debug_info    0x000000000000afa9      0xad8 d:/quartus18_0/nios2eds/bin/gnu/h-x86_64-mingw32/bin/../lib/gcc/nios2-elf/5.3.0/../../../../../H-x86_64-mingw32/nios2-elf/lib/mno-hw-mul\libc.a(lib_a-makebuf.o)
 .debug_info    0x000000000000ba81      0x921 d:/quartus18_0/nios2eds/bin/gnu/h-x86_64-mingw32/bin/../lib/gcc/nios2-elf/5.3.0/../../../../../H-x86_64-mingw32/nios2-elf/lib/mno-hw-mul\libc.a(lib_a-readr.o)
 .debug_info    0x000000000000c3a2      0xa5d d:/quartus18_0/nios2eds/bin/gnu/h-x86_64-mingw32/bin/../lib/gcc/nios2-elf/5.3.0/../../../../../H-x86_64-mingw32/nios2-elf/lib/mno-hw-mul\libc.a(lib_a-fstatr.o)
 .debug_info    0x000000000000cdff      0x8df d:/quartus18_0/nios2eds/bin/gnu/h-x86_64-mingw32/bin/../lib/gcc/nios2-elf/5.3.0/../../../../../H-x86_64-mingw32/nios2-elf/lib/mno-hw-mul\libc.a(lib_a-isattyr.o)
 .debug_info    0x000000000000d6de      0x2c6 d:/quartus18_0/nios2eds/bin/gnu/h-x86_64-mingw32/bin/../lib/gcc/nios2-elf/5.3.0/mno-hw-mul\libgcc.a(lib2-divmod.o)
 .debug_info    0x000000000000d9a4       0xb4 d:/quartus18_0/nios2eds/bin/gnu/h-x86_64-mingw32/bin/../lib/gcc/nios2-elf/5.3.0/mno-hw-mul\libgcc.a(lib2-mul.o)
 .debug_info    0x000000000000da58      0x321 ../hal_bsp/\libhal_bsp.a(alt_close.o)
 .debug_info    0x000000000000dd79      0x49c ../hal_bsp/\libhal_bsp.a(alt_dev.o)
 .debug_info    0x000000000000e215       0xa6 ../hal_bsp/\libhal_bsp.a(alt_errno.o)
 .debug_info    0x000000000000e2bb      0x488 ../hal_bsp/\libhal_bsp.a(alt_fstat.o)
 .debug_info    0x000000000000e743      0x48b ../hal_bsp/\libhal_bsp.a(alt_isatty.o)
 .debug_info    0x000000000000ebce      0x145 ../hal_bsp/\libhal_bsp.a(alt_load.o)
 .debug_info    0x000000000000ed13      0x352 ../hal_bsp/\libhal_bsp.a(alt_lseek.o)
 .debug_info    0x000000000000f065      0x157 ../hal_bsp/\libhal_bsp.a(alt_main.o)
 .debug_info    0x000000000000f1bc      0x8b6 ../hal_bsp/\libhal_bsp.a(alt_malloc_lock.o)
 .debug_info    0x000000000000fa72      0x4b0 ../hal_bsp/\libhal_bsp.a(alt_read.o)
 .debug_info    0x000000000000ff22      0x2b0 ../hal_bsp/\libhal_bsp.a(alt_release_fd.o)
 .debug_info    0x00000000000101d2      0x1d2 ../hal_bsp/\libhal_bsp.a(alt_sbrk.o)
 .debug_info    0x00000000000103a4      0x4b7 ../hal_bsp/\libhal_bsp.a(alt_write.o)
 .debug_info    0x000000000001085b      0x630 ../hal_bsp/\libhal_bsp.a(alt_sys_init.o)